Microchip MPLAB XC8 Compiler V1.37 ()

Linker command line:

-W-3 --edf=/home/bruno/Programs/microchip/xc8/v1.37/dat/en_msgs.txt -cs \
  -h+dist/default/production/Testes.X.production.sym \
  --cmf=dist/default/production/Testes.X.production.cmf -z -Q16LF1786 \
  -o/tmp/xcX6Ji3xY -Mdist/default/production/Testes.X.production.map -E1 \
  -ver=XC8 -ASTACK=02021h-021efh -pstack=STACK -ACODE=00h-07FFhx4 \
  -ASTRCODE=00h-01FFFh -ASTRING=00h-0FFhx32 -ACONST=00h-0FFhx32 \
  -AENTRY=00h-0FFhx32 -ACOMMON=070h-07Fh -ABANK0=020h-06Fh \
  -ABANK1=0A0h-0EFh -ABANK2=0120h-016Fh -ABANK3=01A0h-01EFh \
  -ABANK4=0220h-026Fh -ABANK5=02A0h-02EFh -ABANK6=0320h-036Fh \
  -ABANK7=03A0h-03EFh -ABANK8=0420h-046Fh -ABANK9=04A0h-04EFh \
  -ABANK10=0520h-056Fh -ABANK11=05A0h-05EFh -ABANK12=0620h-064Fh \
  -ABIGRAM=02000h-023EFh \
  -ARAM=020h-06Fh,0A0h-0EFh,0120h-016Fh,01A0h-01EFh,0220h-026Fh,02A0h-02EFh,0320h-036Fh,03A0h-03EFh,0420h-046Fh,04A0h-04EFh,0520h-056Fh,05A0h-05EFh,0620h-064Fh \
  -AABS1=020h-07Fh,0A0h-0EFh,0120h-016Fh,01A0h-01EFh,0220h-026Fh,02A0h-02EFh,0320h-036Fh,03A0h-03EFh,0420h-046Fh,04A0h-04EFh,0520h-056Fh,05A0h-05EFh,0620h-064Fh \
  -ASFR0=00h-01Fh -ASFR1=080h-09Fh -ASFR2=0100h-011Fh -ASFR3=0180h-019Fh \
  -ASFR4=0200h-021Fh -ASFR5=0280h-029Fh -ASFR6=0300h-031Fh \
  -ASFR7=0380h-039Fh -ASFR8=0400h-041Fh -ASFR9=0480h-049Fh \
  -ASFR10=0500h-051Fh -ASFR11=0580h-059Fh -ASFR12=0600h-061Fh \
  -ASFR13=0680h-06EFh -ASFR14=0700h-076Fh -ASFR15=0780h-07EFh \
  -ASFR16=0800h-086Fh -ASFR17=0880h-08EFh -ASFR18=0900h-096Fh \
  -ASFR19=0980h-09EFh -ASFR20=0A00h-0A6Fh -ASFR21=0A80h-0AEFh \
  -ASFR22=0B00h-0B6Fh -ASFR23=0B80h-0BEFh -ASFR24=0C00h-0C6Fh \
  -ASFR25=0C80h-0CEFh -ASFR26=0D00h-0D6Fh -ASFR27=0D80h-0DEFh \
  -ASFR28=0E00h-0E6Fh -ASFR29=0E80h-0EEFh -ASFR30=0F00h-0F6Fh \
  -ASFR31=0F80h-0FEFh -preset_vec=00h,intentry=04h,init,end_init \
  -ppowerup=CODE -pcinit=CODE -pfunctab=CODE -ACONFIG=08007h-08008h \
  -pconfig=CONFIG -DCONFIG=2 -AIDLOC=08000h-08003h -pidloc=IDLOC -DIDLOC=2 \
  -AEEDATA=00h-0FFh/0F000h -peeprom_data=EEDATA -DEEDATA=2 -DCODE=2 \
  -DSTRCODE=2 -DSTRING=2 -DCONST=2 -DENTRY=2 -k /tmp/xcXtZv4Qt.obj \
  dist/default/production/Testes.X.production.obj 

Object code version is 3.11

Machine type is 16LF1786



                Name                               Link     Load   Length Selector   Space Scale
/tmp/xcXtZv4Qt.obj
                end_init                             25       25        2        8       0
                reset_vec                             0        0        2        0       0
                config                             8007     8007        1    1000E       0
dist/default/production/Testes.X.production.obj
                cinit                                27       27       18        8       0
                intentry                              4        4       21        8       0
                text17                              38D      38D        1      5A8       0
                text16                              36E      36E        C      5A8       0
                text15                              389      389        4      5A8       0
                text14                              225      225       37        8       0
                text13                              362      362        C      5A8       0
                text12                              291      291       23      522       0
                text10                              2F3      2F3       1C      5A8       0
                text9                               384      384        5      5A8       0
                text8                               348      348        E      5A8       0
                text7                               1D2      1D2       53        8       0
                swtext1                             2B4      2B4       20      568       0
                text6                                3F       3F      134        8       0
                text5                               30F      30F       1A      5A8       0
                text4                               339      339        F      5A8       0
                text3                               329      329       10      5A8       0
                text2                               37A      37A        A      5A8       0
                text1                               2D4      2D4       1F      5A8       0
                maintext                            173      173       5F        8       0
                cstackBANK0                          20       20       17       20       1
                cstackCOMMON                         70       70        A       70       1
                clrtext                             356      356        C      5A8       0
                bssBANK0                             37       37        8       20       1
                bssCOMMON                            7A       7A        2       70       1
                nvBANK0                              3F       3F        2       20       1
                stringtext                          25C      25C       35      4B8       0

TOTAL           Name                               Link     Load   Length     Space
        CLASS   STACK          

        CLASS   CODE           
                end_init                             25       25        2         0
                cinit                                27       27       18         0
                intentry                              4        4       21         0
                reset_vec                             0        0        2         0
                text17                              38D      38D        1         0
                text16                              36E      36E        C         0
                text15                              389      389        4         0
                text14                              225      225       37         0
                text13                              362      362        C         0
                text12                              291      291       23         0
                text10                              2F3      2F3       1C         0
                text9                               384      384        5         0
                text8                               348      348        E         0
                text7                               1D2      1D2       53         0
                text6                                3F       3F      134         0
                text5                               30F      30F       1A         0
                text4                               339      339        F         0
                text3                               329      329       10         0
                text2                               37A      37A        A         0
                text1                               2D4      2D4       1F         0
                maintext                            173      173       5F         0
                clrtext                             356      356        C         0

        CLASS   STRCODE        
                stringtext                          25C      25C       35         0

        CLASS   STRING         

        CLASS   CONST          
                swtext1                             2B4      2B4       20         0

        CLASS   ENTRY          

        CLASS   COMMON         
                cstackCOMMON                         70       70        A         1
                bssCOMMON                            7A       7A        2         1

        CLASS   BANK0          
                cstackBANK0                          20       20       17         1
                bssBANK0                             37       37        8         1
                nvBANK0                              3F       3F        2         1

        CLASS   BANK1          

        CLASS   BANK2          

        CLASS   BANK3          

        CLASS   BANK4          

        CLASS   BANK5          

        CLASS   BANK6          

        CLASS   BANK7          

        CLASS   BANK8          

        CLASS   BANK9          

        CLASS   BANK10         

        CLASS   BANK11         

        CLASS   BANK12         

        CLASS   BIGRAM         

        CLASS   RAM            

        CLASS   ABS1           
                abs_s1                               7E       7E        2         1
                abs_s1                              330      330       40         1
                abs_s1                              3A0      3A0       50         1
                abs_s1                              420      420       50         1
                abs_s1                              4A0      4A0       50         1
                abs_s1                              520      520       50         1
                abs_s1                              5A0      5A0       50         1
                abs_s1                              620      620       30         1
                abs_s1                             21F0     21F0        0         1
                abs_s1                             22F0     22F0        0         1

        CLASS   SFR0           

        CLASS   SFR1           

        CLASS   SFR2           

        CLASS   SFR3           

        CLASS   SFR4           

        CLASS   SFR5           

        CLASS   SFR6           

        CLASS   SFR7           

        CLASS   SFR8           

        CLASS   SFR9           

        CLASS   SFR10          

        CLASS   SFR11          

        CLASS   SFR12          

        CLASS   SFR13          

        CLASS   SFR14          

        CLASS   SFR15          

        CLASS   SFR16          

        CLASS   SFR17          

        CLASS   SFR18          

        CLASS   SFR19          

        CLASS   SFR20          

        CLASS   SFR21          

        CLASS   SFR22          

        CLASS   SFR23          

        CLASS   SFR24          

        CLASS   SFR25          

        CLASS   SFR26          

        CLASS   SFR27          

        CLASS   SFR28          

        CLASS   SFR29          

        CLASS   SFR30          

        CLASS   SFR31          

        CLASS   CONFIG         
                config                             8007     8007        1         0

        CLASS   IDLOC          

        CLASS   EEDATA         

        CLASS   BANK31         

        CLASS   BANK30         

        CLASS   BANK29         

        CLASS   BANK28         

        CLASS   BANK27         

        CLASS   BANK26         

        CLASS   BANK25         

        CLASS   BANK24         

        CLASS   BANK23         

        CLASS   BANK22         

        CLASS   BANK21         

        CLASS   BANK20         

        CLASS   BANK19         

        CLASS   BANK18         

        CLASS   BANK17         

        CLASS   BANK16         

        CLASS   BANK15         

        CLASS   BANK14         

        CLASS   BANK13         



SEGMENTS        Name                           Load    Length   Top    Selector   Space  Class     Delta

                reset_vec                      000000  000002  000002         0       0  CODE        2
                intentry                       000004  000258  00025C         8       0  CODE        2
                cstackBANK0                    000020  000021  000041        20       1  BANK0       1
                cstackCOMMON                   000070  00000C  00007C        70       1  COMMON      1
                stringtext                     00025C  000035  000291       4B8       0  STRCODE     2
                text12                         000291  000023  0002B4       522       0  CODE        2
                swtext1                        0002B4  000020  0002D4       568       0  CONST       2
                text1                          0002D4  0000BA  00038E       5A8       0  CODE        2
                config                         008007  000001  008008     1000E       0  CONFIG      2


UNUSED ADDRESS RANGES

        Name                Unused          Largest block    Delta
        BANK0            00041-0006F              2F           1
        BANK1            000A0-000EF              50           1
        BANK2            00120-0016F              50           1
        BANK3            001A0-001EF              50           1
        BANK4            00220-0026F              50           1
        BANK5            002A0-002EF              50           1
        BANK6            00320-0032F              10           1
        BIGRAM           02000-023EF             3F0           1
        CODE             00002-00003               2           2
                         0038E-01FFF             800
        COMMON           0007C-0007D               2           1
        CONFIG           08008-08008               1           2
        CONST            00002-00003               2           2
                         0038E-01FFF             100
        EEDATA           0F000-0F0FF             100           2
        ENTRY            00002-00003               2           2
                         0038E-01FFF             100
        IDLOC            08000-08003               4           2
        RAM              00041-0006F              2F           1
                         000A0-000EF              50
                         00120-0016F              50
                         001A0-001EF              50
                         00220-0026F              50
                         002A0-002EF              50
                         00320-0032F              10
        SFR0             00000-0001F              20           1
        SFR1             00080-0009F              20           1
        SFR10            00500-0051F              20           1
        SFR11            00580-0059F              20           1
        SFR12            00600-0061F              20           1
        SFR13            00680-006EF              70           1
        SFR14            00700-0076F              70           1
        SFR15            00780-007EF              70           1
        SFR16            00800-0086F              70           1
        SFR17            00880-008EF              70           1
        SFR18            00900-0096F              70           1
        SFR19            00980-009EF              70           1
        SFR2             00100-0011F              20           1
        SFR20            00A00-00A6F              70           1
        SFR21            00A80-00AEF              70           1
        SFR22            00B00-00B6F              70           1
        SFR23            00B80-00BEF              70           1
        SFR24            00C00-00C6F              70           1
        SFR25            00C80-00CEF              70           1
        SFR26            00D00-00D6F              70           1
        SFR27            00D80-00DEF              70           1
        SFR28            00E00-00E6F              70           1
        SFR29            00E80-00EEF              70           1
        SFR3             00180-0019F              20           1
        SFR30            00F00-00F6F              70           1
        SFR31            00F80-00FEF              70           1
        SFR4             00200-0021F              20           1
        SFR5             00280-0029F              20           1
        SFR6             00300-0031F              20           1
        SFR7             00380-0039F              20           1
        SFR8             00400-0041F              20           1
        SFR9             00480-0049F              20           1
        STACK            02021-021EF             1CF           1
        STRCODE          00002-00003               2           2
                         0038E-01FFF            1C72
        STRING           00002-00003               2           2
                         0038E-01FFF             100

                                  Symbol Table

?___lldiv                                                            cstackCOMMON 00072
?_usart_receive_interrupt_get_message                                cstackCOMMON 00072
_BAUDCONbits                                                         (abs)        0019F
_BRG16                                                               (abs)        00CFB
_BRGH                                                                (abs)        00CF2
_INTCONbits                                                          (abs)        0000B
_LATBbits                                                            (abs)        0010D
_OPTION_REGbits                                                      (abs)        00095
_OSCCONbits                                                          (abs)        00099
_PIE1bits                                                            (abs)        00091
_PIR1bits                                                            (abs)        00011
_PORTBbits                                                           (abs)        0000D
_RCREG                                                               (abs)        00199
_RCSTAbits                                                           (abs)        0019D
_SPBRG                                                               (abs)        0019B
_SYNC                                                                (abs)        00CF4
_TRISBbits                                                           (abs)        0008D
_TRISCbits                                                           (abs)        0008E
_TX1STAbits                                                          (abs)        0019E
_TXREG                                                               (abs)        0019A
_TXSTAbits                                                           (abs)        0019E
_USART_BAUD_RATE_300                                                 stringtext   00270
__CFG_FOSC$INTOSC                                                    (abs)        00000
__CFG_WDTE$OFF                                                       (abs)        00000
__Habs1                                                              abs1         00000
__Hbank0                                                             bank0        00000
__Hbank1                                                             bank1        00000
__Hbank10                                                            bank10       00000
__Hbank11                                                            bank11       00000
__Hbank12                                                            bank12       00000
__Hbank13                                                            bank13       00000
__Hbank14                                                            bank14       00000
__Hbank15                                                            bank15       00000
__Hbank16                                                            bank16       00000
__Hbank17                                                            bank17       00000
__Hbank18                                                            bank18       00000
__Hbank19                                                            bank19       00000
__Hbank2                                                             bank2        00000
__Hbank20                                                            bank20       00000
__Hbank21                                                            bank21       00000
__Hbank22                                                            bank22       00000
__Hbank23                                                            bank23       00000
__Hbank24                                                            bank24       00000
__Hbank25                                                            bank25       00000
__Hbank26                                                            bank26       00000
__Hbank27                                                            bank27       00000
__Hbank28                                                            bank28       00000
__Hbank29                                                            bank29       00000
__Hbank3                                                             bank3        00000
__Hbank30                                                            bank30       00000
__Hbank31                                                            bank31       00000
__Hbank4                                                             bank4        00000
__Hbank5                                                             bank5        00000
__Hbank6                                                             bank6        00000
__Hbank7                                                             bank7        00000
__Hbank8                                                             bank8        00000
__Hbank9                                                             bank9        00000
__Hbigram                                                            bigram       00000
__HbssBANK0                                                          bssBANK0     00000
__HbssCOMMON                                                         bssCOMMON    00000
__Hcinit                                                             cinit        0003F
__Hclrtext                                                           clrtext      00000
__Hcode                                                              code         00000
__Hcommon                                                            common       00000
__Hconfig                                                            config       08008
__HcstackBANK0                                                       cstackBANK0  00000
__HcstackCOMMON                                                      cstackCOMMON 00000
__Heeprom_data                                                       eeprom_data  00000
__Hend_init                                                          end_init     00027
__Hfunctab                                                           functab      00000
__Hidloc                                                             idloc        00000
__Hinit                                                              init         00025
__Hintentry                                                          intentry     00025
__Hmaintext                                                          maintext     00000
__HnvBANK0                                                           nvBANK0      00000
__Hpowerup                                                           powerup      00000
__Hram                                                               ram          00000
__Hreset_vec                                                         reset_vec    00002
__Hsfr0                                                              sfr0         00000
__Hsfr1                                                              sfr1         00000
__Hsfr10                                                             sfr10        00000
__Hsfr11                                                             sfr11        00000
__Hsfr12                                                             sfr12        00000
__Hsfr13                                                             sfr13        00000
__Hsfr14                                                             sfr14        00000
__Hsfr15                                                             sfr15        00000
__Hsfr16                                                             sfr16        00000
__Hsfr17                                                             sfr17        00000
__Hsfr18                                                             sfr18        00000
__Hsfr19                                                             sfr19        00000
__Hsfr2                                                              sfr2         00000
__Hsfr20                                                             sfr20        00000
__Hsfr21                                                             sfr21        00000
__Hsfr22                                                             sfr22        00000
__Hsfr23                                                             sfr23        00000
__Hsfr24                                                             sfr24        00000
__Hsfr25                                                             sfr25        00000
__Hsfr26                                                             sfr26        00000
__Hsfr27                                                             sfr27        00000
__Hsfr28                                                             sfr28        00000
__Hsfr29                                                             sfr29        00000
__Hsfr3                                                              sfr3         00000
__Hsfr30                                                             sfr30        00000
__Hsfr31                                                             sfr31        00000
__Hsfr4                                                              sfr4         00000
__Hsfr5                                                              sfr5         00000
__Hsfr6                                                              sfr6         00000
__Hsfr7                                                              sfr7         00000
__Hsfr8                                                              sfr8         00000
__Hsfr9                                                              sfr9         00000
__Hspace_0                                                           (abs)        08008
__Hspace_1                                                           (abs)        0007C
__Hspace_2                                                           (abs)        00000
__Hspace_3                                                           (abs)        00000
__Hstack                                                             stack        00000
__Hstrings                                                           strings      00000
__Hstringtext                                                        stringtext   00000
__Htext                                                              text         00000
__Labs1                                                              abs1         00000
__Lbank0                                                             bank0        00000
__Lbank1                                                             bank1        00000
__Lbank10                                                            bank10       00000
__Lbank11                                                            bank11       00000
__Lbank12                                                            bank12       00000
__Lbank13                                                            bank13       00000
__Lbank14                                                            bank14       00000
__Lbank15                                                            bank15       00000
__Lbank16                                                            bank16       00000
__Lbank17                                                            bank17       00000
__Lbank18                                                            bank18       00000
__Lbank19                                                            bank19       00000
__Lbank2                                                             bank2        00000
__Lbank20                                                            bank20       00000
__Lbank21                                                            bank21       00000
__Lbank22                                                            bank22       00000
__Lbank23                                                            bank23       00000
__Lbank24                                                            bank24       00000
__Lbank25                                                            bank25       00000
__Lbank26                                                            bank26       00000
__Lbank27                                                            bank27       00000
__Lbank28                                                            bank28       00000
__Lbank29                                                            bank29       00000
__Lbank3                                                             bank3        00000
__Lbank30                                                            bank30       00000
__Lbank31                                                            bank31       00000
__Lbank4                                                             bank4        00000
__Lbank5                                                             bank5        00000
__Lbank6                                                             bank6        00000
__Lbank7                                                             bank7        00000
__Lbank8                                                             bank8        00000
__Lbank9                                                             bank9        00000
__Lbigram                                                            bigram       00000
__LbssBANK0                                                          bssBANK0     00000
__LbssCOMMON                                                         bssCOMMON    00000
__Lcinit                                                             cinit        00027
__Lclrtext                                                           clrtext      00000
__Lcode                                                              code         00000
__Lcommon                                                            common       00000
__Lconfig                                                            config       08007
__LcstackBANK0                                                       cstackBANK0  00000
__LcstackCOMMON                                                      cstackCOMMON 00000
__Leeprom_data                                                       eeprom_data  00000
__Lend_init                                                          end_init     00025
__Lfunctab                                                           functab      00000
__Lidloc                                                             idloc        00000
__Linit                                                              init         00025
__Lintentry                                                          intentry     00004
__Lmaintext                                                          maintext     00000
__LnvBANK0                                                           nvBANK0      00000
__Lpowerup                                                           powerup      00000
__Lram                                                               ram          00000
__Lreset_vec                                                         reset_vec    00000
__Lsfr0                                                              sfr0         00000
__Lsfr1                                                              sfr1         00000
__Lsfr10                                                             sfr10        00000
__Lsfr11                                                             sfr11        00000
__Lsfr12                                                             sfr12        00000
__Lsfr13                                                             sfr13        00000
__Lsfr14                                                             sfr14        00000
__Lsfr15                                                             sfr15        00000
__Lsfr16                                                             sfr16        00000
__Lsfr17                                                             sfr17        00000
__Lsfr18                                                             sfr18        00000
__Lsfr19                                                             sfr19        00000
__Lsfr2                                                              sfr2         00000
__Lsfr20                                                             sfr20        00000
__Lsfr21                                                             sfr21        00000
__Lsfr22                                                             sfr22        00000
__Lsfr23                                                             sfr23        00000
__Lsfr24                                                             sfr24        00000
__Lsfr25                                                             sfr25        00000
__Lsfr26                                                             sfr26        00000
__Lsfr27                                                             sfr27        00000
__Lsfr28                                                             sfr28        00000
__Lsfr29                                                             sfr29        00000
__Lsfr3                                                              sfr3         00000
__Lsfr30                                                             sfr30        00000
__Lsfr31                                                             sfr31        00000
__Lsfr4                                                              sfr4         00000
__Lsfr5                                                              sfr5         00000
__Lsfr6                                                              sfr6         00000
__Lsfr7                                                              sfr7         00000
__Lsfr8                                                              sfr8         00000
__Lsfr9                                                              sfr9         00000
__Lspace_0                                                           (abs)        00000
__Lspace_1                                                           (abs)        00000
__Lspace_2                                                           (abs)        00000
__Lspace_3                                                           (abs)        00000
__Lstack                                                             stack        00000
__Lstrings                                                           strings      00000
__Lstringtext                                                        stringtext   00000
__Ltext                                                              text         00000
__S0                                                                 (abs)        08008
__S1                                                                 (abs)        0007C
__S2                                                                 (abs)        00000
__S3                                                                 (abs)        00000
___int_sp                                                            stack        00000
___latbits                                                           (abs)        00002
___lldiv                                                             text7        001D2
___lldiv@counter                                                     cstackBANK0  00025
___lldiv@dividend                                                    cstackCOMMON 00076
___lldiv@divisor                                                     cstackCOMMON 00072
___lldiv@quotient                                                    cstackBANK0  00021
___sp                                                                stack        00000
__end_of_USART_BAUD_RATE_10417                                       stringtext   00260
__end_of_USART_BAUD_RATE_115200                                      stringtext   00264
__end_of_USART_BAUD_RATE_1200                                        stringtext   00268
__end_of_USART_BAUD_RATE_19200                                       stringtext   0026C
__end_of_USART_BAUD_RATE_2400                                        stringtext   00270
__end_of_USART_BAUD_RATE_300                                         stringtext   00274
__end_of_USART_BAUD_RATE_57600                                       stringtext   00278
__end_of_USART_BAUD_RATE_9600                                        stringtext   0027C
__end_of___lldiv                                                     text7        00225
__end_of__initialization                                             cinit        0003B
__end_of_isr_general                                                 intentry     00025
__end_of_isr_timer0_pisca_led                                        text17       0038E
__end_of_isr_usart_rx_teste                                          text15       0038D
__end_of_isr_usart_tx_acende_led                                     text13       0036E
__end_of_main                                                        maintext     001D2
__end_of_strcpy                                                      text5        00329
__end_of_timer0_isr                                                  text16       0037A
__end_of_timer0_start                                                text10       0030F
__end_of_usart_receive_interrupt_get_message                         text9        00389
__end_of_usart_receive_interrupt_isr                                 text14       0025C
__end_of_usart_receive_interrupt_read_message                        text8        00356
__end_of_usart_start                                                 text6        00173
__end_of_usart_transmite_interrupt_isr                               text12       002B4
__end_of_usart_transmite_interrupt_write_message                     text3        00339
__end_of_usart_transmite_lock_write_byte                             text2        00384
__end_of_usart_transmite_lock_write_message                          text1        002F3
__end_of_usart_transmite_set_message                                 text4        00348
__initialization                                                     cinit        00027
__pbssBANK0                                                          bssBANK0     00037
__pbssBIGRAM                                                         (abs)        021F0
__pbssCOMMON                                                         bssCOMMON    0007A
__pcstackBANK0                                                       cstackBANK0  00020
__pcstackCOMMON                                                      cstackCOMMON 00070
__pintentry                                                          intentry     00004
__pmaintext                                                          maintext     00173
__pnvBANK0                                                           nvBANK0      0003F
__pstringtext                                                        stringtext   0025C
__pswtext1                                                           swtext1      002B4
__ptext1                                                             text1        002D4
__ptext10                                                            text10       002F3
__ptext12                                                            text12       00291
__ptext13                                                            text13       00362
__ptext14                                                            text14       00225
__ptext15                                                            text15       00389
__ptext16                                                            text16       0036E
__ptext17                                                            text17       0038D
__ptext2                                                             text2        0037A
__ptext3                                                             text3        00329
__ptext4                                                             text4        00339
__ptext5                                                             text5        0030F
__ptext6                                                             text6        0003F
__ptext7                                                             text7        001D2
__ptext8                                                             text8        00348
__ptext9                                                             text9        00384
__rx_buffer                                                          (abs)        022F0
__rx_done                                                            bssBANK0     0003D
__rx_isr_done_callback                                               bssBANK0     00037
__rx_iterator                                                        bssBANK0     00039
__rx_message_size                                                    bssBANK0     0003E
__size_of___lldiv                                                    (abs)        00000
__size_of_isr_general                                                (abs)        00000
__size_of_isr_timer0_pisca_led                                       (abs)        00000
__size_of_isr_usart_rx_teste                                         (abs)        00000
__size_of_isr_usart_tx_acende_led                                    (abs)        00000
__size_of_main                                                       (abs)        00000
__size_of_strcpy                                                     (abs)        00000
__size_of_timer0_isr                                                 (abs)        00000
__size_of_timer0_start                                               (abs)        00000
__size_of_usart_receive_interrupt_get_message                        (abs)        00000
__size_of_usart_receive_interrupt_isr                                (abs)        00000
__size_of_usart_receive_interrupt_read_message                       (abs)        00000
__size_of_usart_start                                                (abs)        00000
__size_of_usart_transmite_interrupt_isr                              (abs)        00000
__size_of_usart_transmite_interrupt_write_message                    (abs)        00000
__size_of_usart_transmite_lock_write_byte                            (abs)        00000
__size_of_usart_transmite_lock_write_message                         (abs)        00000
__size_of_usart_transmite_set_message                                (abs)        00000
__timer0_callback                                                    nvBANK0      0003F
__tx_buffer                                                          (abs)        021F0
__tx_isr_done_callback                                               bssBANK0     0003B
__tx_iterator                                                        bssCOMMON    0007A
_isr_general                                                         intentry     00004
_isr_timer0_pisca_led                                                text17       0038D
_isr_usart_rx_teste                                                  text15       00389
_isr_usart_tx_acende_led                                             text13       00362
_main                                                                maintext     00173
_strcpy                                                              text5        0030F
_timer0_isr                                                          text16       0036E
_timer0_start                                                        text10       002F3
_usart_receive_interrupt_get_message                                 text9        00384
_usart_receive_interrupt_isr                                         text14       00225
_usart_receive_interrupt_read_message                                text8        00348
_usart_start                                                         text6        0003F
_usart_transmite_interrupt_isr                                       text12       00291
_usart_transmite_interrupt_write_message                             text3        00329
_usart_transmite_lock_write_byte                                     text2        0037A
_usart_transmite_lock_write_message                                  text1        002D4
_usart_transmite_set_message                                         text4        00339
btemp                                                                (abs)        0007E
clear_ram0                                                           clrtext      00356
end_of_initialization                                                cinit        0003B
int$flags                                                            (abs)        0007E
intlevel0                                                            functab      00000
intlevel1                                                            functab      00000
intlevel2                                                            functab      00000
intlevel3                                                            functab      00000
intlevel4                                                            functab      00000
intlevel5                                                            functab      00000
ltemp                                                                (abs)        0007E
ltemp0                                                               (abs)        0007E
ltemp1                                                               (abs)        00082
ltemp2                                                               (abs)        00086
ltemp3                                                               (abs)        00080
main@message                                                         cstackBANK0  00035
reset_vec                                                            reset_vec    00000
stackhi                                                              (abs)        021EF
stacklo                                                              (abs)        02021
start                                                                init         00025
start_initialization                                                 cinit        00027
strcpy@cp                                                            cstackCOMMON 00076
strcpy@from                                                          cstackCOMMON 00074
strcpy@to                                                            cstackCOMMON 00072
timer0_start@mode                                                    cstackCOMMON 00076
timer0_start@prescalar_rate                                          cstackCOMMON 00073
timer0_start@prescalar_use                                           cstackCOMMON 00072
timer0_start@timer0_callback                                         cstackCOMMON 00074
ttemp                                                                (abs)        0007E
ttemp0                                                               (abs)        0007E
ttemp1                                                               (abs)        00081
ttemp2                                                               (abs)        00084
ttemp3                                                               (abs)        00087
ttemp4                                                               (abs)        0007F
usart_receive_interrupt_read_message@usart_callback_receive_done     cstackCOMMON 00072
usart_start@baud_rate                                                cstackBANK0  00026
usart_start@baud_switch                                              cstackBANK0  0002E
usart_start@fosc                                                     cstackBANK0  00030
usart_start@usart_sync_mode                                          cstackBANK0  0002F
usart_transmite_interrupt_write_message@message                      cstackBANK0  00020
usart_transmite_interrupt_write_message@usart_callback_transmit_done cstackBANK0  00022
usart_transmite_lock_write_byte@data                                 cstackCOMMON 00072
usart_transmite_lock_write_message@message                           cstackBANK0  00020
usart_transmite_set_message@message                                  cstackCOMMON 00078
wtemp                                                                (abs)        0007E
wtemp0                                                               (abs)        0007E
wtemp1                                                               (abs)        00080
wtemp2                                                               (abs)        00082
wtemp3                                                               (abs)        00084
wtemp4                                                               (abs)        00086
wtemp5                                                               (abs)        00088
wtemp6                                                               (abs)        0007F


FUNCTION INFORMATION:

 *************** function _main *****************
 Defined at:
		line 54 in file "main.c"
 Parameters:    Size  Location     Type
		None
 Auto vars:     Size  Location     Type
  message         2   21[BANK0 ] PTR unsigned char 
		 -> _rx_buffer(256), 
 Return value:  Size  Location     Type
                  1    wreg      void 
 Registers used:
		wreg, fsr0l, fsr0h, fsr1l, fsr1h, status,2, status,0, pclath, cstack
 Tracked objects:
		On entry : 
		On exit  : 
		Unchanged: 
 Data sizes:     COMMON   BANK0   BANK1   BANK2   BANK3   BANK4   BANK5   BANK6   BANK7   BANK8   BANK9  BANK10  BANK11  BANK12
      Params:         0       0       0       0       0       0       0       0       0       0       0       0       0       0
      Locals:         0       2       0       0       0       0       0       0       0       0       0       0       0       0
      Temps:          0       1       0       0       0       0       0       0       0       0       0       0       0       0
      Totals:         0       3       0       0       0       0       0       0       0       0       0       0       0       0
Total ram usage:        3 bytes
 Hardware stack levels required when called:    6
 This function calls:
		_timer0_start
		_usart_receive_interrupt_get_message
		_usart_receive_interrupt_read_message
		_usart_start
		_usart_transmite_interrupt_write_message
		_usart_transmite_lock_write_message
 This function is called by:
		Startup code after reset
 This function uses a non-reentrant model


 *************** function _usart_transmite_lock_write_message *****************
 Defined at:
		line 159 in file "usart.c"
 Parameters:    Size  Location     Type
  message         2    0[BANK0 ] PTR unsigned char 
		 -> STR_3(9), STR_2(12), STR_1(2), 
 Auto vars:     Size  Location     Type
		None
 Return value:  Size  Location     Type
                  1    wreg      void 
 Registers used:
		wreg, fsr0l, fsr0h, fsr1l, fsr1h, status,2, status,0, pclath, cstack
 Tracked objects:
		On entry : 
		On exit  : 
		Unchanged: 
 Data sizes:     COMMON   BANK0   BANK1   BANK2   BANK3   BANK4   BANK5   BANK6   BANK7   BANK8   BANK9  BANK10  BANK11  BANK12
      Params:         0       2       0       0       0       0       0       0       0       0       0       0       0       0
      Locals:         0       0       0       0       0       0       0       0       0       0       0       0       0       0
      Temps:          0       0       0       0       0       0       0       0       0       0       0       0       0       0
      Totals:         0       2       0       0       0       0       0       0       0       0       0       0       0       0
Total ram usage:        2 bytes
 Hardware stack levels used:    1
 Hardware stack levels required when called:    5
 This function calls:
		_usart_transmite_lock_write_byte
		_usart_transmite_set_message
 This function is called by:
		_main
 This function uses a non-reentrant model


 *************** function _usart_transmite_lock_write_byte *****************
 Defined at:
		line 149 in file "usart.c"
 Parameters:    Size  Location     Type
  data            1    wreg     unsigned char 
 Auto vars:     Size  Location     Type
  data            1    2[COMMON] unsigned char 
 Return value:  Size  Location     Type
                  1    wreg      void 
 Registers used:
		wreg
 Tracked objects:
		On entry : 
		On exit  : 
		Unchanged: 
 Data sizes:     COMMON   BANK0   BANK1   BANK2   BANK3   BANK4   BANK5   BANK6   BANK7   BANK8   BANK9  BANK10  BANK11  BANK12
      Params:         0       0       0       0       0       0       0       0       0       0       0       0       0       0
      Locals:         1       0       0       0       0       0       0       0       0       0       0       0       0       0
      Temps:          0       0       0       0       0       0       0       0       0       0       0       0       0       0
      Totals:         1       0       0       0       0       0       0       0       0       0       0       0       0       0
Total ram usage:        1 bytes
 Hardware stack levels used:    1
 Hardware stack levels required when called:    3
 This function calls:
		Nothing
 This function is called by:
		_usart_transmite_lock_write_message
 This function uses a non-reentrant model


 *************** function _usart_transmite_interrupt_write_message *****************
 Defined at:
		line 113 in file "usart.c"
 Parameters:    Size  Location     Type
  message         2    0[BANK0 ] PTR unsigned char 
		 -> _rx_buffer(256), 
  usart_callba    2    2[BANK0 ] PTR FTN()void 
		 -> isr_usart_tx_acende_led(1), 
 Auto vars:     Size  Location     Type
		None
 Return value:  Size  Location     Type
                  1    wreg      void 
 Registers used:
		wreg, fsr0l, fsr0h, fsr1l, fsr1h, status,2, status,0, pclath, cstack
 Tracked objects:
		On entry : 
		On exit  : 
		Unchanged: 
 Data sizes:     COMMON   BANK0   BANK1   BANK2   BANK3   BANK4   BANK5   BANK6   BANK7   BANK8   BANK9  BANK10  BANK11  BANK12
      Params:         0       4       0       0       0       0       0       0       0       0       0       0       0       0
      Locals:         0       0       0       0       0       0       0       0       0       0       0       0       0       0
      Temps:          0       0       0       0       0       0       0       0       0       0       0       0       0       0
      Totals:         0       4       0       0       0       0       0       0       0       0       0       0       0       0
Total ram usage:        4 bytes
 Hardware stack levels used:    1
 Hardware stack levels required when called:    5
 This function calls:
		_usart_transmite_set_message
 This function is called by:
		_main
 This function uses a non-reentrant model


 *************** function _usart_transmite_set_message *****************
 Defined at:
		line 106 in file "usart.c"
 Parameters:    Size  Location     Type
  message         2    8[COMMON] PTR unsigned char 
		 -> _rx_buffer(256), STR_3(9), STR_2(12), STR_1(2), 
 Auto vars:     Size  Location     Type
		None
 Return value:  Size  Location     Type
                  1    wreg      void 
 Registers used:
		wreg, fsr0l, fsr0h, fsr1l, fsr1h, status,2, status,0, pclath, cstack
 Tracked objects:
		On entry : 
		On exit  : 
		Unchanged: 
 Data sizes:     COMMON   BANK0   BANK1   BANK2   BANK3   BANK4   BANK5   BANK6   BANK7   BANK8   BANK9  BANK10  BANK11  BANK12
      Params:         2       0       0       0       0       0       0       0       0       0       0       0       0       0
      Locals:         0       0       0       0       0       0       0       0       0       0       0       0       0       0
      Temps:          0       0       0       0       0       0       0       0       0       0       0       0       0       0
      Totals:         2       0       0       0       0       0       0       0       0       0       0       0       0       0
Total ram usage:        2 bytes
 Hardware stack levels used:    1
 Hardware stack levels required when called:    4
 This function calls:
		_strcpy
 This function is called by:
		_usart_transmite_interrupt_write_message
		_usart_transmite_lock_write_message
 This function uses a non-reentrant model


 *************** function _strcpy *****************
 Defined at:
		line 8 in file "/home/bruno/Programs/microchip/xc8/v1.37/sources/common/strcpy.c"
 Parameters:    Size  Location     Type
  to              2    2[COMMON] PTR unsigned char 
		 -> _tx_buffer(256), 
  from            2    4[COMMON] PTR const unsigned char 
		 -> _rx_buffer(256), STR_3(9), STR_2(12), STR_1(2), 
 Auto vars:     Size  Location     Type
  cp              2    6[COMMON] PTR unsigned char 
		 -> _tx_buffer(256), 
 Return value:  Size  Location     Type
                  2    2[COMMON] PTR unsigned char 
 Registers used:
		wreg, fsr0l, fsr0h, fsr1l, fsr1h, pclath
 Tracked objects:
		On entry : 
		On exit  : 
		Unchanged: 
 Data sizes:     COMMON   BANK0   BANK1   BANK2   BANK3   BANK4   BANK5   BANK6   BANK7   BANK8   BANK9  BANK10  BANK11  BANK12
      Params:         4       0       0       0       0       0       0       0       0       0       0       0       0       0
      Locals:         2       0       0       0       0       0       0       0       0       0       0       0       0       0
      Temps:          0       0       0       0       0       0       0       0       0       0       0       0       0       0
      Totals:         6       0       0       0       0       0       0       0       0       0       0       0       0       0
Total ram usage:        6 bytes
 Hardware stack levels used:    1
 Hardware stack levels required when called:    3
 This function calls:
		Nothing
 This function is called by:
		_usart_transmite_set_message
 This function uses a non-reentrant model


 *************** function _usart_start *****************
 Defined at:
		line 27 in file "usart.c"
 Parameters:    Size  Location     Type
  usart_sync_m    1    wreg     enum E8
  baud_rate       4    6[BANK0 ] unsigned long 
 Auto vars:     Size  Location     Type
  usart_sync_m    1   15[BANK0 ] enum E8
  fosc            4   16[BANK0 ] unsigned long 
  baud_switch     1   14[BANK0 ] unsigned char 
 Return value:  Size  Location     Type
                  1    wreg      void 
 Registers used:
		wreg, fsr0l, fsr0h, status,2, status,0, pclath, cstack
 Tracked objects:
		On entry : 
		On exit  : 
		Unchanged: 
 Data sizes:     COMMON   BANK0   BANK1   BANK2   BANK3   BANK4   BANK5   BANK6   BANK7   BANK8   BANK9  BANK10  BANK11  BANK12
      Params:         0       4       0       0       0       0       0       0       0       0       0       0       0       0
      Locals:         0       6       0       0       0       0       0       0       0       0       0       0       0       0
      Temps:          0       4       0       0       0       0       0       0       0       0       0       0       0       0
      Totals:         0      14       0       0       0       0       0       0       0       0       0       0       0       0
Total ram usage:       14 bytes
 Hardware stack levels used:    1
 Hardware stack levels required when called:    4
 This function calls:
		___lldiv
 This function is called by:
		_main
 This function uses a non-reentrant model


 *************** function ___lldiv *****************
 Defined at:
		line 6 in file "/home/bruno/Programs/microchip/xc8/v1.37/sources/common/lldiv.c"
 Parameters:    Size  Location     Type
  divisor         4    2[COMMON] unsigned long 
  dividend        4    6[COMMON] unsigned long 
 Auto vars:     Size  Location     Type
  quotient        4    1[BANK0 ] unsigned long 
  counter         1    5[BANK0 ] unsigned char 
 Return value:  Size  Location     Type
                  4    2[COMMON] unsigned long 
 Registers used:
		wreg, status,2, status,0
 Tracked objects:
		On entry : 
		On exit  : 
		Unchanged: 
 Data sizes:     COMMON   BANK0   BANK1   BANK2   BANK3   BANK4   BANK5   BANK6   BANK7   BANK8   BANK9  BANK10  BANK11  BANK12
      Params:         8       0       0       0       0       0       0       0       0       0       0       0       0       0
      Locals:         0       5       0       0       0       0       0       0       0       0       0       0       0       0
      Temps:          0       1       0       0       0       0       0       0       0       0       0       0       0       0
      Totals:         8       6       0       0       0       0       0       0       0       0       0       0       0       0
Total ram usage:       14 bytes
 Hardware stack levels used:    1
 Hardware stack levels required when called:    3
 This function calls:
		Nothing
 This function is called by:
		_usart_start
 This function uses a non-reentrant model


 *************** function _usart_receive_interrupt_read_message *****************
 Defined at:
		line 208 in file "usart.c"
 Parameters:    Size  Location     Type
  usart_callba    2    2[COMMON] PTR FTN()void 
		 -> isr_usart_rx_teste(1), 
 Auto vars:     Size  Location     Type
		None
 Return value:  Size  Location     Type
                  1    wreg      void 
 Registers used:
		wreg, status,2
 Tracked objects:
		On entry : 
		On exit  : 
		Unchanged: 
 Data sizes:     COMMON   BANK0   BANK1   BANK2   BANK3   BANK4   BANK5   BANK6   BANK7   BANK8   BANK9  BANK10  BANK11  BANK12
      Params:         2       0       0       0       0       0       0       0       0       0       0       0       0       0
      Locals:         0       0       0       0       0       0       0       0       0       0       0       0       0       0
      Temps:          0       0       0       0       0       0       0       0       0       0       0       0       0       0
      Totals:         2       0       0       0       0       0       0       0       0       0       0       0       0       0
Total ram usage:        2 bytes
 Hardware stack levels used:    1
 Hardware stack levels required when called:    3
 This function calls:
		Nothing
 This function is called by:
		_main
 This function uses a non-reentrant model


 *************** function _usart_receive_interrupt_get_message *****************
 Defined at:
		line 243 in file "usart.c"
 Parameters:    Size  Location     Type
		None
 Auto vars:     Size  Location     Type
		None
 Return value:  Size  Location     Type
                  2    2[COMMON] PTR unsigned char 
 Registers used:
		wreg
 Tracked objects:
		On entry : 
		On exit  : 
		Unchanged: 
 Data sizes:     COMMON   BANK0   BANK1   BANK2   BANK3   BANK4   BANK5   BANK6   BANK7   BANK8   BANK9  BANK10  BANK11  BANK12
      Params:         2       0       0       0       0       0       0       0       0       0       0       0       0       0
      Locals:         0       0       0       0       0       0       0       0       0       0       0       0       0       0
      Temps:          0       0       0       0       0       0       0       0       0       0       0       0       0       0
      Totals:         2       0       0       0       0       0       0       0       0       0       0       0       0       0
Total ram usage:        2 bytes
 Hardware stack levels used:    1
 Hardware stack levels required when called:    3
 This function calls:
		Nothing
 This function is called by:
		_main
 This function uses a non-reentrant model


 *************** function _timer0_start *****************
 Defined at:
		line 10 in file "timer.c"
 Parameters:    Size  Location     Type
  mode            1    wreg     enum E8
  prescalar_us    1    2[COMMON] enum E12
  prescalar_ra    1    3[COMMON] enum E16
  timer0_callb    2    4[COMMON] PTR FTN()void 
		 -> isr_timer0_pisca_led(1), 
 Auto vars:     Size  Location     Type
  mode            1    6[COMMON] enum E8
 Return value:  Size  Location     Type
                  1    wreg      void 
 Registers used:
		wreg, status,2, status,0
 Tracked objects:
		On entry : 
		On exit  : 
		Unchanged: 
 Data sizes:     COMMON   BANK0   BANK1   BANK2   BANK3   BANK4   BANK5   BANK6   BANK7   BANK8   BANK9  BANK10  BANK11  BANK12
      Params:         4       0       0       0       0       0       0       0       0       0       0       0       0       0
      Locals:         1       0       0       0       0       0       0       0       0       0       0       0       0       0
      Temps:          0       0       0       0       0       0       0       0       0       0       0       0       0       0
      Totals:         5       0       0       0       0       0       0       0       0       0       0       0       0       0
Total ram usage:        5 bytes
 Hardware stack levels used:    1
 Hardware stack levels required when called:    3
 This function calls:
		Nothing
 This function is called by:
		_main
 This function uses a non-reentrant model


 *************** function _isr_general *****************
 Defined at:
		line 28 in file "main.c"
 Parameters:    Size  Location     Type
		None
 Auto vars:     Size  Location     Type
		None
 Return value:  Size  Location     Type
                  1    wreg      void 
 Registers used:
		wreg, fsr1l, fsr1h, status,2, status,0, pclath, cstack
 Tracked objects:
		On entry : 
		On exit  : 
		Unchanged: 
 Data sizes:     COMMON   BANK0   BANK1   BANK2   BANK3   BANK4   BANK5   BANK6   BANK7   BANK8   BANK9  BANK10  BANK11  BANK12
      Params:         0       0       0       0       0       0       0       0       0       0       0       0       0       0
      Locals:         0       0       0       0       0       0       0       0       0       0       0       0       0       0
      Temps:          1       0       0       0       0       0       0       0       0       0       0       0       0       0
      Totals:         1       0       0       0       0       0       0       0       0       0       0       0       0       0
Total ram usage:        1 bytes
 Hardware stack levels used:    1
 Hardware stack levels required when called:    2
 This function calls:
		_timer0_isr
		_usart_receive_interrupt_isr
		_usart_transmite_interrupt_isr
 This function is called by:
		Interrupt level 1
 This function uses a non-reentrant model


 *************** function _usart_transmite_interrupt_isr *****************
 Defined at:
		line 125 in file "usart.c"
 Parameters:    Size  Location     Type
		None
 Auto vars:     Size  Location     Type
		None
 Return value:  Size  Location     Type
                  1    wreg      void 
 Registers used:
		wreg, fsr1l, fsr1h, status,2, status,0, pclath, cstack
 Tracked objects:
		On entry : 
		On exit  : 
		Unchanged: 
 Data sizes:     COMMON   BANK0   BANK1   BANK2   BANK3   BANK4   BANK5   BANK6   BANK7   BANK8   BANK9  BANK10  BANK11  BANK12
      Params:         0       0       0       0       0       0       0       0       0       0       0       0       0       0
      Locals:         0       0       0       0       0       0       0       0       0       0       0       0       0       0
      Temps:          0       0       0       0       0       0       0       0       0       0       0       0       0       0
      Totals:         0       0       0       0       0       0       0       0       0       0       0       0       0       0
Total ram usage:        0 bytes
 Hardware stack levels used:    1
 Hardware stack levels required when called:    1
 This function calls:
		Absolute function
		_isr_usart_tx_acende_led
 This function is called by:
		_isr_general
 This function uses a non-reentrant model


 *************** function _isr_usart_tx_acende_led *****************
 Defined at:
		line 45 in file "main.c"
 Parameters:    Size  Location     Type
		None
 Auto vars:     Size  Location     Type
		None
 Return value:  Size  Location     Type
                  1    wreg      void 
 Registers used:
		status,0
 Tracked objects:
		On entry : 
		On exit  : 
		Unchanged: 
 Data sizes:     COMMON   BANK0   BANK1   BANK2   BANK3   BANK4   BANK5   BANK6   BANK7   BANK8   BANK9  BANK10  BANK11  BANK12
      Params:         0       0       0       0       0       0       0       0       0       0       0       0       0       0
      Locals:         0       0       0       0       0       0       0       0       0       0       0       0       0       0
      Temps:          0       0       0       0       0       0       0       0       0       0       0       0       0       0
      Totals:         0       0       0       0       0       0       0       0       0       0       0       0       0       0
Total ram usage:        0 bytes
 Hardware stack levels used:    1
 This function calls:
		Nothing
 This function is called by:
		_main
		_usart_transmite_interrupt_isr
 This function uses a non-reentrant model


 *************** function _usart_receive_interrupt_isr *****************
 Defined at:
		line 220 in file "usart.c"
 Parameters:    Size  Location     Type
		None
 Auto vars:     Size  Location     Type
		None
 Return value:  Size  Location     Type
                  1    wreg      void 
 Registers used:
		wreg, fsr1l, fsr1h, status,2, status,0, pclath, cstack
 Tracked objects:
		On entry : 
		On exit  : 
		Unchanged: 
 Data sizes:     COMMON   BANK0   BANK1   BANK2   BANK3   BANK4   BANK5   BANK6   BANK7   BANK8   BANK9  BANK10  BANK11  BANK12
      Params:         0       0       0       0       0       0       0       0       0       0       0       0       0       0
      Locals:         0       0       0       0       0       0       0       0       0       0       0       0       0       0
      Temps:          1       0       0       0       0       0       0       0       0       0       0       0       0       0
      Totals:         1       0       0       0       0       0       0       0       0       0       0       0       0       0
Total ram usage:        1 bytes
 Hardware stack levels used:    1
 Hardware stack levels required when called:    1
 This function calls:
		Absolute function
		_isr_usart_rx_teste
 This function is called by:
		_isr_general
 This function uses a non-reentrant model


 *************** function _isr_usart_rx_teste *****************
 Defined at:
		line 50 in file "main.c"
 Parameters:    Size  Location     Type
		None
 Auto vars:     Size  Location     Type
		None
 Return value:  Size  Location     Type
                  1    wreg      void 
 Registers used:
		None
 Tracked objects:
		On entry : 
		On exit  : 
		Unchanged: 
 Data sizes:     COMMON   BANK0   BANK1   BANK2   BANK3   BANK4   BANK5   BANK6   BANK7   BANK8   BANK9  BANK10  BANK11  BANK12
      Params:         0       0       0       0       0       0       0       0       0       0       0       0       0       0
      Locals:         0       0       0       0       0       0       0       0       0       0       0       0       0       0
      Temps:          0       0       0       0       0       0       0       0       0       0       0       0       0       0
      Totals:         0       0       0       0       0       0       0       0       0       0       0       0       0       0
Total ram usage:        0 bytes
 Hardware stack levels used:    1
 This function calls:
		Nothing
 This function is called by:
		_main
		_usart_receive_interrupt_isr
 This function uses a non-reentrant model


 *************** function _timer0_isr *****************
 Defined at:
		line 21 in file "timer.c"
 Parameters:    Size  Location     Type
		None
 Auto vars:     Size  Location     Type
		None
 Return value:  Size  Location     Type
                  1    wreg      void 
 Registers used:
		wreg, status,2, status,0, pclath, cstack
 Tracked objects:
		On entry : 
		On exit  : 
		Unchanged: 
 Data sizes:     COMMON   BANK0   BANK1   BANK2   BANK3   BANK4   BANK5   BANK6   BANK7   BANK8   BANK9  BANK10  BANK11  BANK12
      Params:         0       0       0       0       0       0       0       0       0       0       0       0       0       0
      Locals:         0       0       0       0       0       0       0       0       0       0       0       0       0       0
      Temps:          0       0       0       0       0       0       0       0       0       0       0       0       0       0
      Totals:         0       0       0       0       0       0       0       0       0       0       0       0       0       0
Total ram usage:        0 bytes
 Hardware stack levels used:    1
 Hardware stack levels required when called:    1
 This function calls:
		Absolute function
		_isr_timer0_pisca_led
 This function is called by:
		_isr_general
 This function uses a non-reentrant model


 *************** function _isr_timer0_pisca_led *****************
 Defined at:
		line 41 in file "main.c"
 Parameters:    Size  Location     Type
		None
 Auto vars:     Size  Location     Type
		None
 Return value:  Size  Location     Type
                  1    wreg      void 
 Registers used:
		None
 Tracked objects:
		On entry : 
		On exit  : 
		Unchanged: 
 Data sizes:     COMMON   BANK0   BANK1   BANK2   BANK3   BANK4   BANK5   BANK6   BANK7   BANK8   BANK9  BANK10  BANK11  BANK12
      Params:         0       0       0       0       0       0       0       0       0       0       0       0       0       0
      Locals:         0       0       0       0       0       0       0       0       0       0       0       0       0       0
      Temps:          0       0       0       0       0       0       0       0       0       0       0       0       0       0
      Totals:         0       0       0       0       0       0       0       0       0       0       0       0       0       0
Total ram usage:        0 bytes
 Hardware stack levels used:    1
 This function calls:
		Nothing
 This function is called by:
		_main
		_timer0_isr
 This function uses a non-reentrant model



MODULE INFORMATION

Module		Function		Class		Link	Load	Size
/home/bruno/Programs/microchip/xc8/v1.37/sources/common/lldiv.c
		___lldiv       		CODE           	01D2	0000	84

/home/bruno/Programs/microchip/xc8/v1.37/sources/common/lldiv.c estimated size: 84

usart.c
		_usart_receive_interrupt_read_message		CODE           	0348	0000	15
		_usart_receive_interrupt_get_message		CODE           	0384	0000	6
		_usart_transmite_lock_write_message		CODE           	02D4	0000	32
		_usart_transmite_set_message		CODE           	0339	0000	16
		_usart_start   		CODE           	003F	0000	309
		_usart_transmite_lock_write_byte		CODE           	037A	0000	11
		_usart_receive_interrupt_isr		CODE           	0225	0000	56
		_usart_transmite_interrupt_write_message		CODE           	0329	0000	17
		_usart_transmite_interrupt_isr		CODE           	0291	0000	36

usart.c estimated size: 498

timer.c
		_timer0_isr    		CODE           	036E	0000	13
		_timer0_start  		CODE           	02F3	0000	29

timer.c estimated size: 42

shared
		_USART_BAUD_RATE_9600		STRCODE        	0000	0000	0
		_USART_BAUD_RATE_19200		STRCODE        	0000	0000	0
		__initialization		CODE           	0027	0000	21
		_USART_BAUD_RATE_57600		STRCODE        	0000	0000	0
		_USART_BAUD_RATE_10417		STRCODE        	0000	0000	0
		_USART_BAUD_RATE_300		STRCODE        	0270	0000	5
		_USART_BAUD_RATE_1200		STRCODE        	0000	0000	0
		_USART_BAUD_RATE_2400		STRCODE        	0000	0000	0
		_USART_BAUD_RATE_115200		STRCODE        	0000	0000	0

shared estimated size: 26

main.c
		_isr_timer0_pisca_led		CODE           	038D	0000	2
		_isr_usart_tx_acende_led		CODE           	0362	0000	13
		_main          		CODE           	0173	0000	96
		_isr_usart_rx_teste		CODE           	0389	0000	5
		_isr_general   		CODE           	0004	0000	34

main.c estimated size: 150

/home/bruno/Programs/microchip/xc8/v1.37/sources/common/strcpy.c
		_strcpy        		CODE           	030F	0000	27

/home/bruno/Programs/microchip/xc8/v1.37/sources/common/strcpy.c estimated size: 27

