Microchip MPLAB XC8 Compiler V1.37 ()

Linker command line:

-W-3 --edf=/home/bruno/Programs/microchip/xc8/v1.37/dat/en_msgs.txt -cs \
  -h+dist/default/production/Testes.X.production.sym \
  --cmf=dist/default/production/Testes.X.production.cmf -z -Q16LF1786 \
  -o/tmp/xcXozL3vp -Mdist/default/production/Testes.X.production.map -E1 \
  -ver=XC8 -ASTACK=0212Dh-023efh -pstack=STACK -ACODE=00h-07FFhx4 \
  -ASTRCODE=00h-01FFFh -ASTRING=00h-0FFhx32 -ACONST=00h-0FFhx32 \
  -AENTRY=00h-0FFhx32 -ACOMMON=070h-07Fh -ABANK0=020h-06Fh \
  -ABANK1=0A0h-0EFh -ABANK2=0120h-016Fh -ABANK3=01A0h-01EFh \
  -ABANK4=0220h-026Fh -ABANK5=02A0h-02EFh -ABANK6=0320h-036Fh \
  -ABANK7=03A0h-03EFh -ABANK8=0420h-046Fh -ABANK9=04A0h-04EFh \
  -ABANK10=0520h-056Fh -ABANK11=05A0h-05EFh -ABANK12=0620h-064Fh \
  -ABIGRAM=02000h-023EFh \
  -ARAM=020h-06Fh,0A0h-0EFh,0120h-016Fh,01A0h-01EFh,0220h-026Fh,02A0h-02EFh,0320h-036Fh,03A0h-03EFh,0420h-046Fh,04A0h-04EFh,0520h-056Fh,05A0h-05EFh,0620h-064Fh \
  -AABS1=020h-07Fh,0A0h-0EFh,0120h-016Fh,01A0h-01EFh,0220h-026Fh,02A0h-02EFh,0320h-036Fh,03A0h-03EFh,0420h-046Fh,04A0h-04EFh,0520h-056Fh,05A0h-05EFh,0620h-064Fh \
  -ASFR0=00h-01Fh -ASFR1=080h-09Fh -ASFR2=0100h-011Fh -ASFR3=0180h-019Fh \
  -ASFR4=0200h-021Fh -ASFR5=0280h-029Fh -ASFR6=0300h-031Fh \
  -ASFR7=0380h-039Fh -ASFR8=0400h-041Fh -ASFR9=0480h-049Fh \
  -ASFR10=0500h-051Fh -ASFR11=0580h-059Fh -ASFR12=0600h-061Fh \
  -ASFR13=0680h-06EFh -ASFR14=0700h-076Fh -ASFR15=0780h-07EFh \
  -ASFR16=0800h-086Fh -ASFR17=0880h-08EFh -ASFR18=0900h-096Fh \
  -ASFR19=0980h-09EFh -ASFR20=0A00h-0A6Fh -ASFR21=0A80h-0AEFh \
  -ASFR22=0B00h-0B6Fh -ASFR23=0B80h-0BEFh -ASFR24=0C00h-0C6Fh \
  -ASFR25=0C80h-0CEFh -ASFR26=0D00h-0D6Fh -ASFR27=0D80h-0DEFh \
  -ASFR28=0E00h-0E6Fh -ASFR29=0E80h-0EEFh -ASFR30=0F00h-0F6Fh \
  -ASFR31=0F80h-0FEFh -preset_vec=00h,intentry=04h,init,end_init \
  -ppowerup=CODE -pcinit=CODE -pfunctab=CODE -ACONFIG=08007h-08008h \
  -pconfig=CONFIG -DCONFIG=2 -AIDLOC=08000h-08003h -pidloc=IDLOC -DIDLOC=2 \
  -AEEDATA=00h-0FFh/0F000h -peeprom_data=EEDATA -DEEDATA=2 -DCODE=2 \
  -DSTRCODE=2 -DSTRING=2 -DCONST=2 -DENTRY=2 -k /tmp/xcXzIAn7B.obj \
  dist/default/production/Testes.X.production.obj 

Object code version is 3.11

Machine type is 16LF1786



                Name                               Link     Load   Length Selector   Space Scale
/tmp/xcXzIAn7B.obj
                end_init                             2E       2E        2        8       0
                reset_vec                             0        0        2        0       0
                config                             8007     8007        1    1000E       0
dist/default/production/Testes.X.production.obj
                cinit                                30       30       1E        8       0
                intentry                              4        4       2A        8       0
                text19                              2E0      2E0       49      51A       0
                text18                              360      360       34      51A       0
                text17                              182      182       B0        8       0
                text16                              4C1      4C1        A      840       0
                text15                              43C      43C       1A      840       0
                text14                              4A8      4A8        D      840       0
                text13                              420      420       1C      840       0
                text12                              456      456       18      840       0
                text11                              497      497       11      840       0
                text10                              4D9      4D9        2      840       0
                text9                               394      394       2D      51A       0
                text8                               46E      46E       17      840       0
                text6                               4B5      4B5        C      840       0
                text5                               485      485       12      840       0
                text4                               3C1      3C1       2C      51A       0
                text3                               4CB      4CB        8      840       0
                text2                               28D      28D       53      51A       0
                swtext1                             400      400       20      800       0
                text1                                4E       4E      134        8       0
                maintext                            329      329       37      51A       0
                cstackBANK0                          20       20       4E       20       1
                cstackCOMMON                         70       70        D       70       1
                cstackBANK1                          A0       A0       1E       A0       1
                clrtext                             4D3      4D3        6      840       0
                bssBANK3                            1A0      1A0       3D      1A0       1
                bssBANK2                            120      120       3D      120       1
                bssBANK1                             BE       BE        8       A0       1
                bssBANK0                             6E       6E        2       20       1
                bssCOMMON                            7D       7D        1       70       1
                stringtext                          232      232       5B      464       0

TOTAL           Name                               Link     Load   Length     Space
        CLASS   STACK          

        CLASS   CODE           
                end_init                             2E       2E        2         0
                cinit                                30       30       1E         0
                intentry                              4        4       2A         0
                reset_vec                             0        0        2         0
                text19                              2E0      2E0       49         0
                text18                              360      360       34         0
                text17                              182      182       B0         0
                text16                              4C1      4C1        A         0
                text15                              43C      43C       1A         0
                text14                              4A8      4A8        D         0
                text13                              420      420       1C         0
                text12                              456      456       18         0
                text11                              497      497       11         0
                text10                              4D9      4D9        2         0
                text9                               394      394       2D         0
                text8                               46E      46E       17         0
                text6                               4B5      4B5        C         0
                text5                               485      485       12         0
                text4                               3C1      3C1       2C         0
                text3                               4CB      4CB        8         0
                text2                               28D      28D       53         0
                text1                                4E       4E      134         0
                maintext                            329      329       37         0
                clrtext                             4D3      4D3        6         0

        CLASS   STRCODE        
                stringtext                          232      232       5B         0

        CLASS   STRING         

        CLASS   CONST          
                swtext1                             400      400       20         0

        CLASS   ENTRY          

        CLASS   COMMON         
                cstackCOMMON                         70       70        D         1
                bssCOMMON                            7D       7D        1         1

        CLASS   BANK0          
                cstackBANK0                          20       20       4E         1
                bssBANK0                             6E       6E        2         1

        CLASS   BANK1          
                cstackBANK1                          A0       A0       1E         1
                bssBANK1                             BE       BE        8         1

        CLASS   BANK2          
                bssBANK2                            120      120       3D         1

        CLASS   BANK3          
                bssBANK3                            1A0      1A0       3D         1

        CLASS   BANK4          

        CLASS   BANK5          

        CLASS   BANK6          

        CLASS   BANK7          

        CLASS   BANK8          

        CLASS   BANK9          

        CLASS   BANK10         

        CLASS   BANK11         

        CLASS   BANK12         

        CLASS   BIGRAM         

        CLASS   RAM            

        CLASS   ABS1           
                abs_s1                               7E       7E        2         1

        CLASS   SFR0           

        CLASS   SFR1           

        CLASS   SFR2           

        CLASS   SFR3           

        CLASS   SFR4           

        CLASS   SFR5           

        CLASS   SFR6           

        CLASS   SFR7           

        CLASS   SFR8           

        CLASS   SFR9           

        CLASS   SFR10          

        CLASS   SFR11          

        CLASS   SFR12          

        CLASS   SFR13          

        CLASS   SFR14          

        CLASS   SFR15          

        CLASS   SFR16          

        CLASS   SFR17          

        CLASS   SFR18          

        CLASS   SFR19          

        CLASS   SFR20          

        CLASS   SFR21          

        CLASS   SFR22          

        CLASS   SFR23          

        CLASS   SFR24          

        CLASS   SFR25          

        CLASS   SFR26          

        CLASS   SFR27          

        CLASS   SFR28          

        CLASS   SFR29          

        CLASS   SFR30          

        CLASS   SFR31          

        CLASS   CONFIG         
                config                             8007     8007        1         0

        CLASS   IDLOC          

        CLASS   EEDATA         

        CLASS   BANK31         

        CLASS   BANK30         

        CLASS   BANK29         

        CLASS   BANK28         

        CLASS   BANK27         

        CLASS   BANK26         

        CLASS   BANK25         

        CLASS   BANK24         

        CLASS   BANK23         

        CLASS   BANK22         

        CLASS   BANK21         

        CLASS   BANK20         

        CLASS   BANK19         

        CLASS   BANK18         

        CLASS   BANK17         

        CLASS   BANK16         

        CLASS   BANK15         

        CLASS   BANK14         

        CLASS   BANK13         



SEGMENTS        Name                           Load    Length   Top    Selector   Space  Class     Delta

                reset_vec                      000000  000002  000002         0       0  CODE        2
                intentry                       000004  00022E  000232         8       0  CODE        2
                cstackBANK0                    000020  000050  000070        20       1  BANK0       1
                cstackCOMMON                   000070  00000E  00007E        70       1  COMMON      1
                cstackBANK1                    0000A0  000026  0000C6        A0       1  BANK1       1
                bssBANK2                       000120  00003D  00015D       120       1  BANK2       1
                bssBANK3                       0001A0  00003D  0001DD       1A0       1  BANK3       1
                stringtext                     000232  00005B  00028D       464       0  STRCODE     2
                text2                          00028D  000160  0003ED       51A       0  CODE        2
                swtext1                        000400  000020  000420       800       0  CONST       2
                text13                         000420  0000BB  0004DB       840       0  CODE        2
                config                         008007  000001  008008     1000E       0  CONFIG      2


UNUSED ADDRESS RANGES

        Name                Unused          Largest block    Delta
        BANK1            000C6-000EF              2A           1
        BANK10           00520-0056F              50           1
        BANK11           005A0-005EF              50           1
        BANK12           00620-0064F              30           1
        BANK2            0015D-0016F              13           1
        BANK3            001DD-001EF              13           1
        BANK4            00220-0026F              50           1
        BANK5            002A0-002EF              50           1
        BANK6            00320-0036F              50           1
        BANK7            003A0-003EF              50           1
        BANK8            00420-0046F              50           1
        BANK9            004A0-004EF              50           1
        BIGRAM           02000-023EF             3F0           1
        CODE             00002-00003               2           2
                         003ED-003FF              13
                         004DB-01FFF             800
        CONFIG           08008-08008               1           2
        CONST            00002-00003               2           2
                         003ED-003FF              13
                         004DB-01FFF             100
        EEDATA           0F000-0F0FF             100           2
        ENTRY            00002-00003               2           2
                         003ED-003FF              13
                         004DB-01FFF             100
        IDLOC            08000-08003               4           2
        RAM              000C6-000EF              2A           1
                         0015D-0016F              13
                         001DD-001EF              13
                         00220-0026F              50
                         002A0-002EF              50
                         00320-0036F              50
                         003A0-003EF              50
                         00420-0046F              50
                         004A0-004EF              50
                         00520-0056F              50
                         005A0-005EF              50
                         00620-0064F              30
        SFR0             00000-0001F              20           1
        SFR1             00080-0009F              20           1
        SFR10            00500-0051F              20           1
        SFR11            00580-0059F              20           1
        SFR12            00600-0061F              20           1
        SFR13            00680-006EF              70           1
        SFR14            00700-0076F              70           1
        SFR15            00780-007EF              70           1
        SFR16            00800-0086F              70           1
        SFR17            00880-008EF              70           1
        SFR18            00900-0096F              70           1
        SFR19            00980-009EF              70           1
        SFR2             00100-0011F              20           1
        SFR20            00A00-00A6F              70           1
        SFR21            00A80-00AEF              70           1
        SFR22            00B00-00B6F              70           1
        SFR23            00B80-00BEF              70           1
        SFR24            00C00-00C6F              70           1
        SFR25            00C80-00CEF              70           1
        SFR26            00D00-00D6F              70           1
        SFR27            00D80-00DEF              70           1
        SFR28            00E00-00E6F              70           1
        SFR29            00E80-00EEF              70           1
        SFR3             00180-0019F              20           1
        SFR30            00F00-00F6F              70           1
        SFR31            00F80-00FEF              70           1
        SFR4             00200-0021F              20           1
        SFR5             00280-0029F              20           1
        SFR6             00300-0031F              20           1
        SFR7             00380-0039F              20           1
        SFR8             00400-0041F              20           1
        SFR9             00480-0049F              20           1
        STACK            0212D-023EF             2C3           1
        STRCODE          00002-00003               2           2
                         003ED-003FF              13
                         004DB-01FFF            1B25
        STRING           00002-00003               2           2
                         003ED-003FF              13
                         004DB-01FFF             100

                                  Symbol Table

?___lldiv                                    cstackBANK1  000A0
?___lwdiv                                    cstackCOMMON 00070
?_analog_read_interrupt_get_value            cstackCOMMON 00070
?_sprintf                                    cstackCOMMON 00078
_ADCON0bits                                  (abs)        0009D
_ADCON1bits                                  (abs)        0009E
_ADCON2bits                                  (abs)        0009F
_ADRES                                       (abs)        0009B
_ANSELAbits                                  (abs)        0018C
_BAUDCONbits                                 (abs)        0019F
_BRG16                                       (abs)        00CFB
_BRGH                                        (abs)        00CF2
_INTCONbits                                  (abs)        0000B
_OPTION_REGbits                              (abs)        00095
_OSCCONbits                                  (abs)        00099
_PIE1bits                                    (abs)        00091
_PIR1bits                                    (abs)        00011
_PORTBbits                                   (abs)        0000D
_RCREG                                       (abs)        00199
_RCSTAbits                                   (abs)        0019D
_SPBRG                                       (abs)        0019B
_SYNC                                        (abs)        00CF4
_TRISAbits                                   (abs)        0008C
_TRISBbits                                   (abs)        0008D
_TRISCbits                                   (abs)        0008E
_TX1STAbits                                  (abs)        0019E
_TXREG                                       (abs)        0019A
_TXSTAbits                                   (abs)        0019E
_USART_BAUD_RATE_300                         stringtext   0024E
__CFG_FOSC$INTOSC                            (abs)        00000
__CFG_WDTE$OFF                               (abs)        00000
__Habs1                                      abs1         00000
__Hbank0                                     bank0        00000
__Hbank1                                     bank1        00000
__Hbank10                                    bank10       00000
__Hbank11                                    bank11       00000
__Hbank12                                    bank12       00000
__Hbank13                                    bank13       00000
__Hbank14                                    bank14       00000
__Hbank15                                    bank15       00000
__Hbank16                                    bank16       00000
__Hbank17                                    bank17       00000
__Hbank18                                    bank18       00000
__Hbank19                                    bank19       00000
__Hbank2                                     bank2        00000
__Hbank20                                    bank20       00000
__Hbank21                                    bank21       00000
__Hbank22                                    bank22       00000
__Hbank23                                    bank23       00000
__Hbank24                                    bank24       00000
__Hbank25                                    bank25       00000
__Hbank26                                    bank26       00000
__Hbank27                                    bank27       00000
__Hbank28                                    bank28       00000
__Hbank29                                    bank29       00000
__Hbank3                                     bank3        00000
__Hbank30                                    bank30       00000
__Hbank31                                    bank31       00000
__Hbank4                                     bank4        00000
__Hbank5                                     bank5        00000
__Hbank6                                     bank6        00000
__Hbank7                                     bank7        00000
__Hbank8                                     bank8        00000
__Hbank9                                     bank9        00000
__Hbigram                                    bigram       00000
__HbssBANK0                                  bssBANK0     00000
__HbssBANK1                                  bssBANK1     00000
__HbssBANK2                                  bssBANK2     00000
__HbssBANK3                                  bssBANK3     00000
__HbssCOMMON                                 bssCOMMON    00000
__Hcinit                                     cinit        0004E
__Hclrtext                                   clrtext      00000
__Hcode                                      code         00000
__Hcommon                                    common       00000
__Hconfig                                    config       08008
__HcstackBANK0                               cstackBANK0  00000
__HcstackBANK1                               cstackBANK1  00000
__HcstackCOMMON                              cstackCOMMON 00000
__Heeprom_data                               eeprom_data  00000
__Hend_init                                  end_init     00030
__Hfunctab                                   functab      00000
__Hidloc                                     idloc        00000
__Hinit                                      init         0002E
__Hintentry                                  intentry     0002E
__Hmaintext                                  maintext     00000
__Hpowerup                                   powerup      00000
__Hram                                       ram          00000
__Hreset_vec                                 reset_vec    00002
__Hsfr0                                      sfr0         00000
__Hsfr1                                      sfr1         00000
__Hsfr10                                     sfr10        00000
__Hsfr11                                     sfr11        00000
__Hsfr12                                     sfr12        00000
__Hsfr13                                     sfr13        00000
__Hsfr14                                     sfr14        00000
__Hsfr15                                     sfr15        00000
__Hsfr16                                     sfr16        00000
__Hsfr17                                     sfr17        00000
__Hsfr18                                     sfr18        00000
__Hsfr19                                     sfr19        00000
__Hsfr2                                      sfr2         00000
__Hsfr20                                     sfr20        00000
__Hsfr21                                     sfr21        00000
__Hsfr22                                     sfr22        00000
__Hsfr23                                     sfr23        00000
__Hsfr24                                     sfr24        00000
__Hsfr25                                     sfr25        00000
__Hsfr26                                     sfr26        00000
__Hsfr27                                     sfr27        00000
__Hsfr28                                     sfr28        00000
__Hsfr29                                     sfr29        00000
__Hsfr3                                      sfr3         00000
__Hsfr30                                     sfr30        00000
__Hsfr31                                     sfr31        00000
__Hsfr4                                      sfr4         00000
__Hsfr5                                      sfr5         00000
__Hsfr6                                      sfr6         00000
__Hsfr7                                      sfr7         00000
__Hsfr8                                      sfr8         00000
__Hsfr9                                      sfr9         00000
__Hspace_0                                   (abs)        08008
__Hspace_1                                   (abs)        001DD
__Hspace_2                                   (abs)        00000
__Hspace_3                                   (abs)        00000
__Hstack                                     stack        00000
__Hstrings                                   strings      00000
__Hstringtext                                stringtext   00000
__Htext                                      text         00000
__Labs1                                      abs1         00000
__Lbank0                                     bank0        00000
__Lbank1                                     bank1        00000
__Lbank10                                    bank10       00000
__Lbank11                                    bank11       00000
__Lbank12                                    bank12       00000
__Lbank13                                    bank13       00000
__Lbank14                                    bank14       00000
__Lbank15                                    bank15       00000
__Lbank16                                    bank16       00000
__Lbank17                                    bank17       00000
__Lbank18                                    bank18       00000
__Lbank19                                    bank19       00000
__Lbank2                                     bank2        00000
__Lbank20                                    bank20       00000
__Lbank21                                    bank21       00000
__Lbank22                                    bank22       00000
__Lbank23                                    bank23       00000
__Lbank24                                    bank24       00000
__Lbank25                                    bank25       00000
__Lbank26                                    bank26       00000
__Lbank27                                    bank27       00000
__Lbank28                                    bank28       00000
__Lbank29                                    bank29       00000
__Lbank3                                     bank3        00000
__Lbank30                                    bank30       00000
__Lbank31                                    bank31       00000
__Lbank4                                     bank4        00000
__Lbank5                                     bank5        00000
__Lbank6                                     bank6        00000
__Lbank7                                     bank7        00000
__Lbank8                                     bank8        00000
__Lbank9                                     bank9        00000
__Lbigram                                    bigram       00000
__LbssBANK0                                  bssBANK0     00000
__LbssBANK1                                  bssBANK1     00000
__LbssBANK2                                  bssBANK2     00000
__LbssBANK3                                  bssBANK3     00000
__LbssCOMMON                                 bssCOMMON    00000
__Lcinit                                     cinit        00030
__Lclrtext                                   clrtext      00000
__Lcode                                      code         00000
__Lcommon                                    common       00000
__Lconfig                                    config       08007
__LcstackBANK0                               cstackBANK0  00000
__LcstackBANK1                               cstackBANK1  00000
__LcstackCOMMON                              cstackCOMMON 00000
__Leeprom_data                               eeprom_data  00000
__Lend_init                                  end_init     0002E
__Lfunctab                                   functab      00000
__Lidloc                                     idloc        00000
__Linit                                      init         0002E
__Lintentry                                  intentry     00004
__Lmaintext                                  maintext     00000
__Lpowerup                                   powerup      00000
__Lram                                       ram          00000
__Lreset_vec                                 reset_vec    00000
__Lsfr0                                      sfr0         00000
__Lsfr1                                      sfr1         00000
__Lsfr10                                     sfr10        00000
__Lsfr11                                     sfr11        00000
__Lsfr12                                     sfr12        00000
__Lsfr13                                     sfr13        00000
__Lsfr14                                     sfr14        00000
__Lsfr15                                     sfr15        00000
__Lsfr16                                     sfr16        00000
__Lsfr17                                     sfr17        00000
__Lsfr18                                     sfr18        00000
__Lsfr19                                     sfr19        00000
__Lsfr2                                      sfr2         00000
__Lsfr20                                     sfr20        00000
__Lsfr21                                     sfr21        00000
__Lsfr22                                     sfr22        00000
__Lsfr23                                     sfr23        00000
__Lsfr24                                     sfr24        00000
__Lsfr25                                     sfr25        00000
__Lsfr26                                     sfr26        00000
__Lsfr27                                     sfr27        00000
__Lsfr28                                     sfr28        00000
__Lsfr29                                     sfr29        00000
__Lsfr3                                      sfr3         00000
__Lsfr30                                     sfr30        00000
__Lsfr31                                     sfr31        00000
__Lsfr4                                      sfr4         00000
__Lsfr5                                      sfr5         00000
__Lsfr6                                      sfr6         00000
__Lsfr7                                      sfr7         00000
__Lsfr8                                      sfr8         00000
__Lsfr9                                      sfr9         00000
__Lspace_0                                   (abs)        00000
__Lspace_1                                   (abs)        00000
__Lspace_2                                   (abs)        00000
__Lspace_3                                   (abs)        00000
__Lstack                                     stack        00000
__Lstrings                                   strings      00000
__Lstringtext                                stringtext   00000
__Ltext                                      text         00000
__S0                                         (abs)        08008
__S1                                         (abs)        001DD
__S2                                         (abs)        00000
__S3                                         (abs)        00000
___int_sp                                    stack        00000
___latbits                                   (abs)        00002
___lldiv                                     text2        0028D
___lldiv@counter                             cstackBANK1  000AD
___lldiv@dividend                            cstackBANK1  000A4
___lldiv@divisor                             cstackBANK1  000A0
___lldiv@quotient                            cstackBANK1  000A9
___lwdiv                                     text18       00360
___lwdiv@counter                             cstackCOMMON 00077
___lwdiv@dividend                            cstackCOMMON 00072
___lwdiv@divisor                             cstackCOMMON 00070
___lwdiv@quotient                            cstackCOMMON 00075
___sp                                        stack        00000
__analog_callback_isr                        bssBANK1     000BE
__end_of_USART_BAUD_RATE_10417               stringtext   0023E
__end_of_USART_BAUD_RATE_115200              stringtext   00242
__end_of_USART_BAUD_RATE_1200                stringtext   00246
__end_of_USART_BAUD_RATE_19200               stringtext   0024A
__end_of_USART_BAUD_RATE_2400                stringtext   0024E
__end_of_USART_BAUD_RATE_300                 stringtext   00252
__end_of_USART_BAUD_RATE_57600               stringtext   00256
__end_of_USART_BAUD_RATE_9600                stringtext   0025A
__end_of___lldiv                             text2        002E0
__end_of___lwdiv                             text18       00394
__end_of__initialization                     cinit        0004A
__end_of_analog_channel_select               text5        00497
__end_of_analog_read_interrupt               text6        004C1
__end_of_analog_read_interrupt_get_value     text19       00329
__end_of_analog_read_isr                     text11       004A8
__end_of_analog_start                        text4        003ED
__end_of_baby_callback                       text12       0046E
__end_of_hexpowers                           stringtext   0023A
__end_of_isr_general                         intentry     0002E
__end_of_main                                maintext     00360
__end_of_sprintf                             text17       00232
__end_of_strcpy                              text15       00456
__end_of_timer0_isr                          text10       004DB
__end_of_usart_receive_interrupt_isr         text9        003C1
__end_of_usart_receive_lock_read_byte        text3        004D3
__end_of_usart_start                         text1        00182
__end_of_usart_transmite_interrupt_isr       text8        00485
__end_of_usart_transmite_lock_write_byte     text16       004CB
__end_of_usart_transmite_lock_write_message  text13       0043C
__end_of_usart_transmite_set_message         text14       004B5
__initialization                             cinit        00030
__pbssBANK0                                  bssBANK0     0006E
__pbssBANK1                                  bssBANK1     000BE
__pbssBANK2                                  bssBANK2     00120
__pbssBANK3                                  bssBANK3     001A0
__pbssCOMMON                                 bssCOMMON    0007D
__pcstackBANK0                               cstackBANK0  00020
__pcstackBANK1                               cstackBANK1  000A0
__pcstackCOMMON                              cstackCOMMON 00070
__pintentry                                  intentry     00004
__pmaintext                                  maintext     00329
__pstringtext                                stringtext   00232
__pswtext1                                   swtext1      00400
__ptext1                                     text1        0004E
__ptext10                                    text10       004D9
__ptext11                                    text11       00497
__ptext12                                    text12       00456
__ptext13                                    text13       00420
__ptext14                                    text14       004A8
__ptext15                                    text15       0043C
__ptext16                                    text16       004C1
__ptext17                                    text17       00182
__ptext18                                    text18       00360
__ptext19                                    text19       002E0
__ptext2                                     text2        0028D
__ptext3                                     text3        004CB
__ptext4                                     text4        003C1
__ptext5                                     text5        00485
__ptext6                                     text6        004B5
__ptext8                                     text8        0046E
__ptext9                                     text9        00394
__rx_buffer                                  bssBANK3     001A0
__rx_buffer_iterator                         bssBANK0     0006E
__rx_buffer_message_size                     bssBANK0     0006F
__rx_isr_done_callback                       bssBANK1     000C0
__size_of___lldiv                            (abs)        00000
__size_of___lwdiv                            (abs)        00000
__size_of_analog_channel_select              (abs)        00000
__size_of_analog_read_interrupt              (abs)        00000
__size_of_analog_read_interrupt_get_value    (abs)        00000
__size_of_analog_read_isr                    (abs)        00000
__size_of_analog_start                       (abs)        00000
__size_of_baby_callback                      (abs)        00000
__size_of_isr_general                        (abs)        00000
__size_of_main                               (abs)        00000
__size_of_sprintf                            (abs)        00000
__size_of_strcpy                             (abs)        00000
__size_of_timer0_isr                         (abs)        00000
__size_of_usart_receive_interrupt_isr        (abs)        00000
__size_of_usart_receive_lock_read_byte       (abs)        00000
__size_of_usart_start                        (abs)        00000
__size_of_usart_transmite_interrupt_isr      (abs)        00000
__size_of_usart_transmite_lock_write_byte    (abs)        00000
__size_of_usart_transmite_lock_write_message (abs)        00000
__size_of_usart_transmite_set_message        (abs)        00000
__timer0_callback                            bssBANK1     000C2
__tx_buffer                                  bssBANK2     00120
__tx_buffer_iterator                         bssCOMMON    0007D
__tx_isr_done_callback                       bssBANK1     000C4
_analog_channel_select                       text5        00485
_analog_read_interrupt                       text6        004B5
_analog_read_interrupt_get_value             text19       002E0
_analog_read_interrupt_get_value$959         cstackCOMMON 00074
_analog_read_isr                             text11       00497
_analog_start                                text4        003C1
_baby_callback                               text12       00456
_hexpowers                                   stringtext   00232
_isr_general                                 intentry     00004
_main                                        maintext     00329
_sprintf                                     text17       00182
_strcpy                                      text15       0043C
_timer0_isr                                  text10       004D9
_usart_receive_interrupt_isr                 text9        00394
_usart_receive_lock_read_byte                text3        004CB
_usart_start                                 text1        0004E
_usart_transmite_interrupt_isr               text8        0046E
_usart_transmite_lock_write_byte             text16       004C1
_usart_transmite_lock_write_message          text13       00420
_usart_transmite_set_message                 text14       004A8
analog_channel_select@channel_select         cstackBANK1  000A2
analog_channel_select@skip_delay             cstackBANK1  000A0
analog_read_interrupt@analog_callback_done   cstackBANK1  000A0
analog_read_interrupt_get_value@result       cstackCOMMON 00078
analog_read_interrupt_get_value@result_962   cstackCOMMON 0007A
analog_read_interrupt_get_value@shift        cstackCOMMON 00076
analog_read_interrupt_get_value@sign         cstackCOMMON 00077
analog_start@analog_result_format            cstackBANK1  000A5
analog_start@analog_result_mode_bit          cstackBANK1  000A6
analog_start@channel_select                  cstackBANK1  000A7
analog_start@conversion_clock                cstackBANK1  000A4
analog_start@voltage_reference_negative      cstackBANK1  000A3
analog_start@voltage_reference_positive      cstackBANK1  000A9
baby_callback@memoria                        cstackBANK0  0002C
baby_callback@valor                          cstackBANK0  0006C
btemp                                        (abs)        0007E
clear_ram0                                   clrtext      004D3
end_of_initialization                        cinit        0004A
int$flags                                    (abs)        0007E
intlevel0                                    functab      00000
intlevel1                                    functab      00000
intlevel2                                    functab      00000
intlevel3                                    functab      00000
intlevel4                                    functab      00000
intlevel5                                    functab      00000
ltemp                                        (abs)        0007E
ltemp0                                       (abs)        0007E
ltemp1                                       (abs)        00082
ltemp2                                       (abs)        00086
ltemp3                                       (abs)        00080
main@comando                                 cstackBANK1  000BD
reset_vec                                    reset_vec    00000
sprintf@ap                                   cstackBANK0  00026
sprintf@c                                    cstackBANK0  0002B
sprintf@f                                    cstackCOMMON 00078
sprintf@flag                                 cstackBANK0  00024
sprintf@idx                                  cstackBANK0  00025
sprintf@prec                                 cstackBANK0  00029
sprintf@sp                                   cstackBANK0  0002A
sprintf@val                                  cstackBANK0  00027
stackhi                                      (abs)        023EF
stacklo                                      (abs)        0212D
start                                        init         0002E
start_initialization                         cinit        00030
strcpy@cp                                    cstackCOMMON 00073
strcpy@from                                  cstackCOMMON 00070
strcpy@to                                    cstackCOMMON 00072
ttemp                                        (abs)        0007E
ttemp0                                       (abs)        0007E
ttemp1                                       (abs)        00081
ttemp2                                       (abs)        00084
ttemp3                                       (abs)        00087
ttemp4                                       (abs)        0007F
usart_start@baud_rate                        cstackBANK1  000AE
usart_start@baud_switch                      cstackBANK1  000B6
usart_start@fosc                             cstackBANK1  000B8
usart_start@usart_sync_mode                  cstackBANK1  000B7
usart_transmite_lock_write_byte@data         cstackCOMMON 00070
usart_transmite_lock_write_message@message   cstackCOMMON 00077
usart_transmite_set_message@message          cstackCOMMON 00075
wtemp                                        (abs)        0007E
wtemp0                                       (abs)        0007E
wtemp1                                       (abs)        00080
wtemp2                                       (abs)        00082
wtemp3                                       (abs)        00084
wtemp4                                       (abs)        00086
wtemp5                                       (abs)        00088
wtemp6                                       (abs)        0007F


FUNCTION INFORMATION:

 *************** function _main *****************
 Defined at:
		line 54 in file "main.c"
 Parameters:    Size  Location     Type
		None
 Auto vars:     Size  Location     Type
  comando         1   29[BANK1 ] unsigned char 
 Return value:  Size  Location     Type
                  1    wreg      void 
 Registers used:
		wreg, fsr0l, fsr0h, status,2, status,0, pclath, cstack
 Tracked objects:
		On entry : 
		On exit  : 
		Unchanged: 
 Data sizes:     COMMON   BANK0   BANK1   BANK2   BANK3   BANK4   BANK5   BANK6   BANK7   BANK8   BANK9  BANK10  BANK11  BANK12
      Params:         0       0       0       0       0       0       0       0       0       0       0       0       0       0
      Locals:         0       0       1       0       0       0       0       0       0       0       0       0       0       0
      Temps:          0       0       1       0       0       0       0       0       0       0       0       0       0       0
      Totals:         0       0       2       0       0       0       0       0       0       0       0       0       0       0
Total ram usage:        2 bytes
 Hardware stack levels required when called:    8
 This function calls:
		_analog_read_interrupt
		_analog_start
		_usart_receive_lock_read_byte
		_usart_start
 This function is called by:
		Startup code after reset
 This function uses a non-reentrant model


 *************** function _usart_start *****************
 Defined at:
		line 23 in file "usart.c"
 Parameters:    Size  Location     Type
  usart_sync_m    1    wreg     enum E8
  baud_rate       4   14[BANK1 ] unsigned long 
 Auto vars:     Size  Location     Type
  usart_sync_m    1   23[BANK1 ] enum E8
  fosc            4   24[BANK1 ] unsigned long 
  baud_switch     1   22[BANK1 ] unsigned char 
 Return value:  Size  Location     Type
                  1    wreg      void 
 Registers used:
		wreg, fsr0l, fsr0h, status,2, status,0, pclath, cstack
 Tracked objects:
		On entry : 
		On exit  : 
		Unchanged: 
 Data sizes:     COMMON   BANK0   BANK1   BANK2   BANK3   BANK4   BANK5   BANK6   BANK7   BANK8   BANK9  BANK10  BANK11  BANK12
      Params:         0       0       4       0       0       0       0       0       0       0       0       0       0       0
      Locals:         0       0       6       0       0       0       0       0       0       0       0       0       0       0
      Temps:          0       0       4       0       0       0       0       0       0       0       0       0       0       0
      Totals:         0       0      14       0       0       0       0       0       0       0       0       0       0       0
Total ram usage:       14 bytes
 Hardware stack levels used:    1
 Hardware stack levels required when called:    7
 This function calls:
		___lldiv
 This function is called by:
		_main
 This function uses a non-reentrant model


 *************** function ___lldiv *****************
 Defined at:
		line 6 in file "/home/bruno/Programs/microchip/xc8/v1.37/sources/common/lldiv.c"
 Parameters:    Size  Location     Type
  divisor         4    0[BANK1 ] unsigned long 
  dividend        4    4[BANK1 ] unsigned long 
 Auto vars:     Size  Location     Type
  quotient        4    9[BANK1 ] unsigned long 
  counter         1   13[BANK1 ] unsigned char 
 Return value:  Size  Location     Type
                  4    0[BANK1 ] unsigned long 
 Registers used:
		wreg, status,2, status,0
 Tracked objects:
		On entry : 
		On exit  : 
		Unchanged: 
 Data sizes:     COMMON   BANK0   BANK1   BANK2   BANK3   BANK4   BANK5   BANK6   BANK7   BANK8   BANK9  BANK10  BANK11  BANK12
      Params:         0       0       8       0       0       0       0       0       0       0       0       0       0       0
      Locals:         0       0       5       0       0       0       0       0       0       0       0       0       0       0
      Temps:          0       0       1       0       0       0       0       0       0       0       0       0       0       0
      Totals:         0       0      14       0       0       0       0       0       0       0       0       0       0       0
Total ram usage:       14 bytes
 Hardware stack levels used:    1
 Hardware stack levels required when called:    6
 This function calls:
		Nothing
 This function is called by:
		_usart_start
 This function uses a non-reentrant model


 *************** function _usart_receive_lock_read_byte *****************
 Defined at:
		line 164 in file "usart.c"
 Parameters:    Size  Location     Type
		None
 Auto vars:     Size  Location     Type
		None
 Return value:  Size  Location     Type
                  1    wreg      unsigned char 
 Registers used:
		wreg
 Tracked objects:
		On entry : 
		On exit  : 
		Unchanged: 
 Data sizes:     COMMON   BANK0   BANK1   BANK2   BANK3   BANK4   BANK5   BANK6   BANK7   BANK8   BANK9  BANK10  BANK11  BANK12
      Params:         0       0       0       0       0       0       0       0       0       0       0       0       0       0
      Locals:         0       0       0       0       0       0       0       0       0       0       0       0       0       0
      Temps:          0       0       0       0       0       0       0       0       0       0       0       0       0       0
      Totals:         0       0       0       0       0       0       0       0       0       0       0       0       0       0
Total ram usage:        0 bytes
 Hardware stack levels used:    1
 Hardware stack levels required when called:    6
 This function calls:
		Nothing
 This function is called by:
		_main
		_usart_receive_lock_read_message
 This function uses a non-reentrant model


 *************** function _analog_start *****************
 Defined at:
		line 8 in file "analog.c"
 Parameters:    Size  Location     Type
  voltage_refe    1    wreg     enum E5978
  voltage_refe    1    3[BANK1 ] enum E5983
  conversion_c    1    4[BANK1 ] enum E5987
  analog_resul    1    5[BANK1 ] enum E5996
  analog_resul    1    6[BANK1 ] enum E6000
  channel_sele    1    7[BANK1 ] enum E6004
 Auto vars:     Size  Location     Type
  voltage_refe    1    9[BANK1 ] enum E5978
 Return value:  Size  Location     Type
                  1    wreg      void 
 Registers used:
		wreg, status,2, status,0, pclath, cstack
 Tracked objects:
		On entry : 
		On exit  : 
		Unchanged: 
 Data sizes:     COMMON   BANK0   BANK1   BANK2   BANK3   BANK4   BANK5   BANK6   BANK7   BANK8   BANK9  BANK10  BANK11  BANK12
      Params:         0       0       5       0       0       0       0       0       0       0       0       0       0       0
      Locals:         0       0       1       0       0       0       0       0       0       0       0       0       0       0
      Temps:          0       0       1       0       0       0       0       0       0       0       0       0       0       0
      Totals:         0       0       7       0       0       0       0       0       0       0       0       0       0       0
Total ram usage:        7 bytes
 Hardware stack levels used:    1
 Hardware stack levels required when called:    7
 This function calls:
		_analog_channel_select
 This function is called by:
		_main
 This function uses a non-reentrant model


 *************** function _analog_channel_select *****************
 Defined at:
		line 47 in file "analog.c"
 Parameters:    Size  Location     Type
  channel_sele    1    wreg     enum E6004
  skip_delay      1    0[BANK1 ] unsigned char 
 Auto vars:     Size  Location     Type
  channel_sele    1    2[BANK1 ] enum E6004
 Return value:  Size  Location     Type
                  1    wreg      void 
 Registers used:
		wreg, status,2, status,0
 Tracked objects:
		On entry : 
		On exit  : 
		Unchanged: 
 Data sizes:     COMMON   BANK0   BANK1   BANK2   BANK3   BANK4   BANK5   BANK6   BANK7   BANK8   BANK9  BANK10  BANK11  BANK12
      Params:         0       0       1       0       0       0       0       0       0       0       0       0       0       0
      Locals:         0       0       1       0       0       0       0       0       0       0       0       0       0       0
      Temps:          0       0       1       0       0       0       0       0       0       0       0       0       0       0
      Totals:         0       0       3       0       0       0       0       0       0       0       0       0       0       0
Total ram usage:        3 bytes
 Hardware stack levels used:    1
 Hardware stack levels required when called:    6
 This function calls:
		Nothing
 This function is called by:
		_analog_start
 This function uses a non-reentrant model


 *************** function _analog_read_interrupt *****************
 Defined at:
		line 101 in file "analog.c"
 Parameters:    Size  Location     Type
  analog_callb    2    0[BANK1 ] PTR FTN()void 
		 -> baby_callback(1), 
 Auto vars:     Size  Location     Type
		None
 Return value:  Size  Location     Type
                  1    wreg      void 
 Registers used:
		wreg
 Tracked objects:
		On entry : 
		On exit  : 
		Unchanged: 
 Data sizes:     COMMON   BANK0   BANK1   BANK2   BANK3   BANK4   BANK5   BANK6   BANK7   BANK8   BANK9  BANK10  BANK11  BANK12
      Params:         0       0       2       0       0       0       0       0       0       0       0       0       0       0
      Locals:         0       0       0       0       0       0       0       0       0       0       0       0       0       0
      Temps:          0       0       0       0       0       0       0       0       0       0       0       0       0       0
      Totals:         0       0       2       0       0       0       0       0       0       0       0       0       0       0
Total ram usage:        2 bytes
 Hardware stack levels used:    1
 Hardware stack levels required when called:    6
 This function calls:
		Nothing
 This function is called by:
		_main
 This function uses a non-reentrant model


 *************** function _isr_general *****************
 Defined at:
		line 30 in file "main.c"
 Parameters:    Size  Location     Type
		None
 Auto vars:     Size  Location     Type
		None
 Return value:  Size  Location     Type
                  1    wreg      void 
 Registers used:
		wreg, fsr0l, fsr0h, fsr1l, fsr1h, status,2, status,0, pclath, cstack
 Tracked objects:
		On entry : 
		On exit  : 
		Unchanged: 
 Data sizes:     COMMON   BANK0   BANK1   BANK2   BANK3   BANK4   BANK5   BANK6   BANK7   BANK8   BANK9  BANK10  BANK11  BANK12
      Params:         0       0       0       0       0       0       0       0       0       0       0       0       0       0
      Locals:         0       0       0       0       0       0       0       0       0       0       0       0       0       0
      Temps:          1       0       0       0       0       0       0       0       0       0       0       0       0       0
      Totals:         1       0       0       0       0       0       0       0       0       0       0       0       0       0
Total ram usage:        1 bytes
 Hardware stack levels used:    1
 Hardware stack levels required when called:    5
 This function calls:
		_analog_read_isr
		_timer0_isr
		_usart_receive_interrupt_isr
		_usart_transmite_interrupt_isr
 This function is called by:
		Interrupt level 1
 This function uses a non-reentrant model


 *************** function _usart_transmite_interrupt_isr *****************
 Defined at:
		line 116 in file "usart.c"
 Parameters:    Size  Location     Type
		None
 Auto vars:     Size  Location     Type
		None
 Return value:  Size  Location     Type
                  1    wreg      void 
 Registers used:
		wreg, fsr1l, fsr1h, status,2, status,0
 Tracked objects:
		On entry : 
		On exit  : 
		Unchanged: 
 Data sizes:     COMMON   BANK0   BANK1   BANK2   BANK3   BANK4   BANK5   BANK6   BANK7   BANK8   BANK9  BANK10  BANK11  BANK12
      Params:         0       0       0       0       0       0       0       0       0       0       0       0       0       0
      Locals:         0       0       0       0       0       0       0       0       0       0       0       0       0       0
      Temps:          1       0       0       0       0       0       0       0       0       0       0       0       0       0
      Totals:         1       0       0       0       0       0       0       0       0       0       0       0       0       0
Total ram usage:        1 bytes
 Hardware stack levels used:    1
 This function calls:
		Nothing
 This function is called by:
		_isr_general
 This function uses a non-reentrant model


 *************** function _usart_receive_interrupt_isr *****************
 Defined at:
		line 219 in file "usart.c"
 Parameters:    Size  Location     Type
		None
 Auto vars:     Size  Location     Type
		None
 Return value:  Size  Location     Type
                  1    wreg      void 
 Registers used:
		wreg, fsr1l, fsr1h, status,2, status,0
 Tracked objects:
		On entry : 
		On exit  : 
		Unchanged: 
 Data sizes:     COMMON   BANK0   BANK1   BANK2   BANK3   BANK4   BANK5   BANK6   BANK7   BANK8   BANK9  BANK10  BANK11  BANK12
      Params:         0       0       0       0       0       0       0       0       0       0       0       0       0       0
      Locals:         0       0       0       0       0       0       0       0       0       0       0       0       0       0
      Temps:          1       0       0       0       0       0       0       0       0       0       0       0       0       0
      Totals:         1       0       0       0       0       0       0       0       0       0       0       0       0       0
Total ram usage:        1 bytes
 Hardware stack levels used:    1
 This function calls:
		Nothing
 This function is called by:
		_isr_general
 This function uses a non-reentrant model


 *************** function _timer0_isr *****************
 Defined at:
		line 21 in file "timer.c"
 Parameters:    Size  Location     Type
		None
 Auto vars:     Size  Location     Type
		None
 Return value:  Size  Location     Type
                  1    wreg      void 
 Registers used:
		wreg, status,2, status,0
 Tracked objects:
		On entry : 
		On exit  : 
		Unchanged: 
 Data sizes:     COMMON   BANK0   BANK1   BANK2   BANK3   BANK4   BANK5   BANK6   BANK7   BANK8   BANK9  BANK10  BANK11  BANK12
      Params:         0       0       0       0       0       0       0       0       0       0       0       0       0       0
      Locals:         0       0       0       0       0       0       0       0       0       0       0       0       0       0
      Temps:          0       0       0       0       0       0       0       0       0       0       0       0       0       0
      Totals:         0       0       0       0       0       0       0       0       0       0       0       0       0       0
Total ram usage:        0 bytes
 Hardware stack levels used:    1
 This function calls:
		Nothing
 This function is called by:
		_isr_general
 This function uses a non-reentrant model


 *************** function _analog_read_isr *****************
 Defined at:
		line 114 in file "analog.c"
 Parameters:    Size  Location     Type
		None
 Auto vars:     Size  Location     Type
		None
 Return value:  Size  Location     Type
                  1    wreg      void 
 Registers used:
		wreg, fsr0l, fsr0h, fsr1l, fsr1h, status,2, status,0, pclath, cstack
 Tracked objects:
		On entry : 
		On exit  : 
		Unchanged: 
 Data sizes:     COMMON   BANK0   BANK1   BANK2   BANK3   BANK4   BANK5   BANK6   BANK7   BANK8   BANK9  BANK10  BANK11  BANK12
      Params:         0       0       0       0       0       0       0       0       0       0       0       0       0       0
      Locals:         0       0       0       0       0       0       0       0       0       0       0       0       0       0
      Temps:          0       0       0       0       0       0       0       0       0       0       0       0       0       0
      Totals:         0       0       0       0       0       0       0       0       0       0       0       0       0       0
Total ram usage:        0 bytes
 Hardware stack levels used:    1
 Hardware stack levels required when called:    4
 This function calls:
		Absolute function
		_baby_callback
 This function is called by:
		_isr_general
 This function uses a non-reentrant model


 *************** function _baby_callback *****************
 Defined at:
		line 46 in file "main.c"
 Parameters:    Size  Location     Type
		None
 Auto vars:     Size  Location     Type
  memoria        64   12[BANK0 ] unsigned char [64]
  valor           2   76[BANK0 ] unsigned int 
 Return value:  Size  Location     Type
                  1    wreg      void 
 Registers used:
		wreg, fsr0l, fsr0h, fsr1l, fsr1h, status,2, status,0, pclath, cstack
 Tracked objects:
		On entry : 
		On exit  : 
		Unchanged: 
 Data sizes:     COMMON   BANK0   BANK1   BANK2   BANK3   BANK4   BANK5   BANK6   BANK7   BANK8   BANK9  BANK10  BANK11  BANK12
      Params:         0       0       0       0       0       0       0       0       0       0       0       0       0       0
      Locals:         0      66       0       0       0       0       0       0       0       0       0       0       0       0
      Temps:          0       0       0       0       0       0       0       0       0       0       0       0       0       0
      Totals:         0      66       0       0       0       0       0       0       0       0       0       0       0       0
Total ram usage:       66 bytes
 Hardware stack levels used:    1
 Hardware stack levels required when called:    3
 This function calls:
		_analog_read_interrupt_get_value
		_sprintf
		_usart_transmite_lock_write_message
 This function is called by:
		_main
		_analog_read_isr
 This function uses a non-reentrant model


 *************** function _usart_transmite_lock_write_message *****************
 Defined at:
		line 150 in file "usart.c"
 Parameters:    Size  Location     Type
  message         1    wreg     PTR unsigned char 
		 -> baby_callback@memoria(64), 
 Auto vars:     Size  Location     Type
  message         1    7[COMMON] PTR unsigned char 
		 -> baby_callback@memoria(64), 
 Return value:  Size  Location     Type
                  1    wreg      void 
 Registers used:
		wreg, fsr0l, fsr0h, fsr1l, fsr1h, status,2, status,0, pclath, cstack
 Tracked objects:
		On entry : 
		On exit  : 
		Unchanged: 
 Data sizes:     COMMON   BANK0   BANK1   BANK2   BANK3   BANK4   BANK5   BANK6   BANK7   BANK8   BANK9  BANK10  BANK11  BANK12
      Params:         0       0       0       0       0       0       0       0       0       0       0       0       0       0
      Locals:         1       0       0       0       0       0       0       0       0       0       0       0       0       0
      Temps:          1       0       0       0       0       0       0       0       0       0       0       0       0       0
      Totals:         2       0       0       0       0       0       0       0       0       0       0       0       0       0
Total ram usage:        2 bytes
 Hardware stack levels used:    1
 Hardware stack levels required when called:    2
 This function calls:
		_usart_transmite_lock_write_byte
		_usart_transmite_set_message
 This function is called by:
		_baby_callback
 This function uses a non-reentrant model


 *************** function _usart_transmite_set_message *****************
 Defined at:
		line 97 in file "usart.c"
 Parameters:    Size  Location     Type
  message         1    wreg     PTR unsigned char 
		 -> baby_callback@memoria(64), 
 Auto vars:     Size  Location     Type
  message         1    5[COMMON] PTR unsigned char 
		 -> baby_callback@memoria(64), 
 Return value:  Size  Location     Type
                  1    wreg      void 
 Registers used:
		wreg, fsr0l, fsr0h, fsr1l, fsr1h, status,2, status,0, pclath, cstack
 Tracked objects:
		On entry : 
		On exit  : 
		Unchanged: 
 Data sizes:     COMMON   BANK0   BANK1   BANK2   BANK3   BANK4   BANK5   BANK6   BANK7   BANK8   BANK9  BANK10  BANK11  BANK12
      Params:         0       0       0       0       0       0       0       0       0       0       0       0       0       0
      Locals:         1       0       0       0       0       0       0       0       0       0       0       0       0       0
      Temps:          1       0       0       0       0       0       0       0       0       0       0       0       0       0
      Totals:         2       0       0       0       0       0       0       0       0       0       0       0       0       0
Total ram usage:        2 bytes
 Hardware stack levels used:    1
 Hardware stack levels required when called:    1
 This function calls:
		_strcpy
 This function is called by:
		_usart_transmite_lock_write_message
		_usart_transmite_interrupt_write_message
 This function uses a non-reentrant model


 *************** function _strcpy *****************
 Defined at:
		line 8 in file "/home/bruno/Programs/microchip/xc8/v1.37/sources/common/strcpy.c"
 Parameters:    Size  Location     Type
  to              1    wreg     PTR unsigned char 
		 -> _tx_buffer(61), 
  from            1    0[COMMON] PTR const unsigned char 
		 -> baby_callback@memoria(64), 
 Auto vars:     Size  Location     Type
  to              1    2[COMMON] PTR unsigned char 
		 -> _tx_buffer(61), 
  cp              1    3[COMMON] PTR unsigned char 
		 -> _tx_buffer(61), 
 Return value:  Size  Location     Type
                  1    wreg      PTR unsigned char 
 Registers used:
		wreg, fsr0l, fsr0h, fsr1l, fsr1h, status,2, status,0
 Tracked objects:
		On entry : 
		On exit  : 
		Unchanged: 
 Data sizes:     COMMON   BANK0   BANK1   BANK2   BANK3   BANK4   BANK5   BANK6   BANK7   BANK8   BANK9  BANK10  BANK11  BANK12
      Params:         1       0       0       0       0       0       0       0       0       0       0       0       0       0
      Locals:         2       0       0       0       0       0       0       0       0       0       0       0       0       0
      Temps:          1       0       0       0       0       0       0       0       0       0       0       0       0       0
      Totals:         4       0       0       0       0       0       0       0       0       0       0       0       0       0
Total ram usage:        4 bytes
 Hardware stack levels used:    1
 This function calls:
		Nothing
 This function is called by:
		_usart_transmite_set_message
 This function uses a non-reentrant model


 *************** function _usart_transmite_lock_write_byte *****************
 Defined at:
		line 140 in file "usart.c"
 Parameters:    Size  Location     Type
  data            1    wreg     unsigned char 
 Auto vars:     Size  Location     Type
  data            1    0[COMMON] unsigned char 
 Return value:  Size  Location     Type
                  1    wreg      void 
 Registers used:
		wreg
 Tracked objects:
		On entry : 
		On exit  : 
		Unchanged: 
 Data sizes:     COMMON   BANK0   BANK1   BANK2   BANK3   BANK4   BANK5   BANK6   BANK7   BANK8   BANK9  BANK10  BANK11  BANK12
      Params:         0       0       0       0       0       0       0       0       0       0       0       0       0       0
      Locals:         1       0       0       0       0       0       0       0       0       0       0       0       0       0
      Temps:          0       0       0       0       0       0       0       0       0       0       0       0       0       0
      Totals:         1       0       0       0       0       0       0       0       0       0       0       0       0       0
Total ram usage:        1 bytes
 Hardware stack levels used:    1
 This function calls:
		Nothing
 This function is called by:
		_usart_transmite_lock_write_message
 This function uses a non-reentrant model


 *************** function _sprintf *****************
 Defined at:
		line 492 in file "/home/bruno/Programs/microchip/xc8/v1.37/sources/common/doprnt.c"
 Parameters:    Size  Location     Type
  sp              1    wreg     PTR unsigned char 
		 -> baby_callback@memoria(64), 
  f               2    8[COMMON] PTR const unsigned char 
		 -> STR_1(34), 
 Auto vars:     Size  Location     Type
  sp              1   10[BANK0 ] PTR unsigned char 
		 -> baby_callback@memoria(64), 
  idx             1    5[BANK0 ] unsigned char 
  tmpval          4    0        struct .
  val             2    7[BANK0 ] unsigned int 
  cp              2    0        PTR const unsigned char 
  len             2    0        unsigned int 
  c               1   11[BANK0 ] char 
  prec            1    9[BANK0 ] char 
  ap              1    6[BANK0 ] PTR void [1]
		 -> ?_sprintf(2), 
  flag            1    4[BANK0 ] unsigned char 
 Return value:  Size  Location     Type
                  2    8[COMMON] int 
 Registers used:
		wreg, fsr0l, fsr0h, fsr1l, fsr1h, status,2, status,0, pclath, cstack
 Tracked objects:
		On entry : 
		On exit  : 
		Unchanged: 
 Data sizes:     COMMON   BANK0   BANK1   BANK2   BANK3   BANK4   BANK5   BANK6   BANK7   BANK8   BANK9  BANK10  BANK11  BANK12
      Params:         4       0       0       0       0       0       0       0       0       0       0       0       0       0
      Locals:         0       8       0       0       0       0       0       0       0       0       0       0       0       0
      Temps:          0       4       0       0       0       0       0       0       0       0       0       0       0       0
      Totals:         4      12       0       0       0       0       0       0       0       0       0       0       0       0
Total ram usage:       16 bytes
 Hardware stack levels used:    1
 Hardware stack levels required when called:    1
 This function calls:
		___lwdiv
 This function is called by:
		_baby_callback
 This function uses a non-reentrant model


 *************** function ___lwdiv *****************
 Defined at:
		line 6 in file "/home/bruno/Programs/microchip/xc8/v1.37/sources/common/lwdiv.c"
 Parameters:    Size  Location     Type
  divisor         2    0[COMMON] unsigned int 
  dividend        2    2[COMMON] unsigned int 
 Auto vars:     Size  Location     Type
  quotient        2    5[COMMON] unsigned int 
  counter         1    7[COMMON] unsigned char 
 Return value:  Size  Location     Type
                  2    0[COMMON] unsigned int 
 Registers used:
		wreg, status,2, status,0
 Tracked objects:
		On entry : 
		On exit  : 
		Unchanged: 
 Data sizes:     COMMON   BANK0   BANK1   BANK2   BANK3   BANK4   BANK5   BANK6   BANK7   BANK8   BANK9  BANK10  BANK11  BANK12
      Params:         4       0       0       0       0       0       0       0       0       0       0       0       0       0
      Locals:         3       0       0       0       0       0       0       0       0       0       0       0       0       0
      Temps:          1       0       0       0       0       0       0       0       0       0       0       0       0       0
      Totals:         8       0       0       0       0       0       0       0       0       0       0       0       0       0
Total ram usage:        8 bytes
 Hardware stack levels used:    1
 This function calls:
		Nothing
 This function is called by:
		_sprintf
 This function uses a non-reentrant model


 *************** function _analog_read_interrupt_get_value *****************
 Defined at:
		line 58 in file "analog.c"
 Parameters:    Size  Location     Type
		None
 Auto vars:     Size  Location     Type
  result          2   10[COMMON] unsigned int 
  result          2    8[COMMON] unsigned int 
  sign            1    7[COMMON] unsigned char 
  shift           1    6[COMMON] unsigned char 
 Return value:  Size  Location     Type
                  2    0[COMMON] unsigned int 
 Registers used:
		wreg, status,2, status,0
 Tracked objects:
		On entry : 
		On exit  : 
		Unchanged: 
 Data sizes:     COMMON   BANK0   BANK1   BANK2   BANK3   BANK4   BANK5   BANK6   BANK7   BANK8   BANK9  BANK10  BANK11  BANK12
      Params:         2       0       0       0       0       0       0       0       0       0       0       0       0       0
      Locals:         8       0       0       0       0       0       0       0       0       0       0       0       0       0
      Temps:          2       0       0       0       0       0       0       0       0       0       0       0       0       0
      Totals:        12       0       0       0       0       0       0       0       0       0       0       0       0       0
Total ram usage:       12 bytes
 Hardware stack levels used:    1
 This function calls:
		Nothing
 This function is called by:
		_baby_callback
		_analog_read_lock
 This function uses a non-reentrant model



MODULE INFORMATION

Module		Function		Class		Link	Load	Size
/home/bruno/Programs/microchip/xc8/v1.37/sources/common/lwdiv.c
		___lwdiv       		CODE           	0360	0000	53

/home/bruno/Programs/microchip/xc8/v1.37/sources/common/lwdiv.c estimated size: 53

/home/bruno/Programs/microchip/xc8/v1.37/sources/common/doprnt.c
		_sprintf       		CODE           	0182	0000	177

/home/bruno/Programs/microchip/xc8/v1.37/sources/common/doprnt.c estimated size: 177

/home/bruno/Programs/microchip/xc8/v1.37/sources/common/lldiv.c
		___lldiv       		CODE           	028D	0000	84

/home/bruno/Programs/microchip/xc8/v1.37/sources/common/lldiv.c estimated size: 84

usart.c
		_usart_transmite_lock_write_message		CODE           	0420	0000	29
		_usart_transmite_set_message		CODE           	04A8	0000	14
		_usart_start   		CODE           	004E	0000	309
		_usart_transmite_lock_write_byte		CODE           	04C1	0000	11
		_usart_receive_interrupt_isr		CODE           	0394	0000	46
		_usart_receive_lock_read_byte		CODE           	04CB	0000	9
		_usart_transmite_interrupt_isr		CODE           	046E	0000	24

usart.c estimated size: 442

timer.c
		_timer0_isr    		CODE           	04D9	0000	3

timer.c estimated size: 3

shared
		_USART_BAUD_RATE_9600		STRCODE        	0000	0000	0
		_USART_BAUD_RATE_19200		STRCODE        	0000	0000	0
		__initialization		CODE           	0030	0000	27
		_USART_BAUD_RATE_57600		STRCODE        	0000	0000	0
		_USART_BAUD_RATE_10417		STRCODE        	0000	0000	0
		_hexpowers     		STRCODE        	0232	0000	9
		_USART_BAUD_RATE_300		STRCODE        	024E	0000	5
		_USART_BAUD_RATE_1200		STRCODE        	0000	0000	0
		_USART_BAUD_RATE_2400		STRCODE        	0000	0000	0
		_USART_BAUD_RATE_115200		STRCODE        	0000	0000	0

shared estimated size: 41

main.c
		_baby_callback 		CODE           	0456	0000	25
		_main          		CODE           	0329	0000	56
		_isr_general   		CODE           	0004	0000	43

main.c estimated size: 124

analog.c
		_analog_channel_select		CODE           	0485	0000	19
		_analog_read_interrupt		CODE           	04B5	0000	13
		_analog_read_interrupt_get_value		CODE           	02E0	0000	74
		_analog_read_isr		CODE           	0497	0000	18
		_analog_start  		CODE           	03C1	0000	45

analog.c estimated size: 169

/home/bruno/Programs/microchip/xc8/v1.37/sources/common/strcpy.c
		_strcpy        		CODE           	043C	0000	27

/home/bruno/Programs/microchip/xc8/v1.37/sources/common/strcpy.c estimated size: 27

